Component: Arm Compiler for Embedded 6.24 Tool: armlink [5f371500]

==============================================================================

Section Cross References

    startup.o(RESET) refers to startup.o(STACK) for StackMem
    startup.o(RESET) refers to entry.o(.ARM.Collect$$$$00000000) for __main
    lab7.o(.text.main) refers to startup.o(.text) for DisableInterrupts
    lab7.o(.text.main) refers to pll.o(.text.PLL_Init) for PLL_Init
    lab7.o(.text.main) refers to i2c1.o(.text.I2C1_Init) for I2C1_Init
    lab7.o(.text.main) refers to mpu9250.o(.text.MPU9250_Init) for MPU9250_Init
    lab7.o(.text.main) refers to mpr121.o(.text.MPR121_Init) for MPR121_Init
    lab7.o(.text.main) refers to lab7.o(.bss.imu_proc) for imu_proc
    lab7.o(.text.main) refers to mpu9250.o(.text.MPU9250_calibrate) for MPU9250_calibrate
    lab7.o(.text.main) refers to lab7.o(.bss.imu_raw) for imu_raw
    lab7.o(.text.main) refers to lab7.o(.bss.touch) for touch
    lab7.o(.text.main) refers to mpu9250.o(.text.MPU9250_getData) for MPU9250_getData
    lab7.o(.text.main) refers to mpr121.o(.text.MPR121_ReadTouchStatus) for MPR121_ReadTouchStatus
    lab7.o(.text.main) refers to systick.o(.text.SysTick80_Wait10ms) for SysTick80_Wait10ms
    lab7.o(.ARM.exidx.text.main) refers to lab7.o(.text.main) for [Anonymous Symbol]
    pll.o(.ARM.exidx.text.PLL_Init) refers to pll.o(.text.PLL_Init) for [Anonymous Symbol]
    gpio_hal.o(.ARM.exidx.text.GPIO_Init) refers to gpio_hal.o(.text.GPIO_Init) for [Anonymous Symbol]
    gpio_hal.o(.ARM.exidx.text.GPIO_Write) refers to gpio_hal.o(.text.GPIO_Write) for [Anonymous Symbol]
    gpio_hal.o(.ARM.exidx.text.GPIO_Read) refers to gpio_hal.o(.text.GPIO_Read) for [Anonymous Symbol]
    gpio_hal.o(.ARM.exidx.text.GPIO_Toggle) refers to gpio_hal.o(.text.GPIO_Toggle) for [Anonymous Symbol]
    gpio_hal.o(.ARM.exidx.text.GPIO_DisableInterrupt) refers to gpio_hal.o(.text.GPIO_DisableInterrupt) for [Anonymous Symbol]
    gpio_hal.o(.ARM.exidx.text.GPIO_EnableInterrupt) refers to gpio_hal.o(.text.GPIO_EnableInterrupt) for [Anonymous Symbol]
    gpio_hal.o(.ARM.exidx.text.GPIO_ClearInterrupt) refers to gpio_hal.o(.text.GPIO_ClearInterrupt) for [Anonymous Symbol]
    gpio_hal.o(.text.GPIO_AttachISR) refers to gpio_hal.o(.data.ports) for ports
    gpio_hal.o(.ARM.exidx.text.GPIO_AttachISR) refers to gpio_hal.o(.text.GPIO_AttachISR) for [Anonymous Symbol]
    unified_port_init.o(.text.Unified_Port_Init) refers to unified_port_init.o(.text.Port_A_Init) for Port_A_Init
    unified_port_init.o(.text.Unified_Port_Init) refers to unified_port_init.o(.text.Port_B_Init) for Port_B_Init
    unified_port_init.o(.ARM.exidx.text.Unified_Port_Init) refers to unified_port_init.o(.text.Unified_Port_Init) for [Anonymous Symbol]
    unified_port_init.o(.ARM.exidx.text.Port_A_Init) refers to unified_port_init.o(.text.Port_A_Init) for [Anonymous Symbol]
    unified_port_init.o(.ARM.exidx.text.Port_B_Init) refers to unified_port_init.o(.text.Port_B_Init) for [Anonymous Symbol]
    unified_port_init.o(.ARM.exidx.text.Port_C_Init) refers to unified_port_init.o(.text.Port_C_Init) for [Anonymous Symbol]
    unified_port_init.o(.ARM.exidx.text.Port_D_Init) refers to unified_port_init.o(.text.Port_D_Init) for [Anonymous Symbol]
    unified_port_init.o(.ARM.exidx.text.Port_E_Init) refers to unified_port_init.o(.text.Port_E_Init) for [Anonymous Symbol]
    unified_port_init.o(.ARM.exidx.text.Port_F_Init) refers to unified_port_init.o(.text.Port_F_Init) for [Anonymous Symbol]
    i2c1.o(.ARM.exidx.text.I2C1_Init) refers to i2c1.o(.text.I2C1_Init) for [Anonymous Symbol]
    i2c1.o(.ARM.exidx.text.I2C1_Send) refers to i2c1.o(.text.I2C1_Send) for [Anonymous Symbol]
    i2c1.o(.ARM.exidx.text.I2C1_Send1) refers to i2c1.o(.text.I2C1_Send1) for [Anonymous Symbol]
    i2c1.o(.ARM.exidx.text.I2C1_Send2) refers to i2c1.o(.text.I2C1_Send2) for [Anonymous Symbol]
    i2c1.o(.ARM.exidx.text.I2C1_Send4) refers to i2c1.o(.text.I2C1_Send4) for [Anonymous Symbol]
    i2c1.o(.ARM.exidx.text.I2C1_Recv1) refers to i2c1.o(.text.I2C1_Recv1) for [Anonymous Symbol]
    i2c1.o(.ARM.exidx.text.I2C1_Recv) refers to i2c1.o(.text.I2C1_Recv) for [Anonymous Symbol]
    i2c1.o(.ARM.exidx.text.I2C1_Recv2) refers to i2c1.o(.text.I2C1_Recv2) for [Anonymous Symbol]
    i2c1.o(.ARM.exidx.text.I2C1_Recv3) refers to i2c1.o(.text.I2C1_Recv3) for [Anonymous Symbol]
    i2c1.o(.ARM.exidx.text.I2C1_SendData) refers to i2c1.o(.text.I2C1_SendData) for [Anonymous Symbol]
    mpu9250.o(.text.MPU9250_Init) refers to systick.o(.text.SysTick_Init) for SysTick_Init
    mpu9250.o(.text.MPU9250_Init) refers to i2c1.o(.text.I2C1_Send) for I2C1_Send
    mpu9250.o(.text.MPU9250_Init) refers to i2c1.o(.text.I2C1_Recv) for I2C1_Recv
    mpu9250.o(.ARM.exidx.text.MPU9250_Init) refers to mpu9250.o(.text.MPU9250_Init) for [Anonymous Symbol]
    mpu9250.o(.text.MPU9250_read_accel) refers to i2c1.o(.text.I2C1_Send) for I2C1_Send
    mpu9250.o(.text.MPU9250_read_accel) refers to i2c1.o(.text.I2C1_Recv) for I2C1_Recv
    mpu9250.o(.ARM.exidx.text.MPU9250_read_accel) refers to mpu9250.o(.text.MPU9250_read_accel) for [Anonymous Symbol]
    mpu9250.o(.text.MPU9250_read_gyro) refers to i2c1.o(.text.I2C1_Send) for I2C1_Send
    mpu9250.o(.text.MPU9250_read_gyro) refers to i2c1.o(.text.I2C1_Recv) for I2C1_Recv
    mpu9250.o(.ARM.exidx.text.MPU9250_read_gyro) refers to mpu9250.o(.text.MPU9250_read_gyro) for [Anonymous Symbol]
    mpu9250.o(.text.MPU9250_calibrate) refers to i2c1.o(.text.I2C1_Send) for I2C1_Send
    mpu9250.o(.text.MPU9250_calibrate) refers to i2c1.o(.text.I2C1_Recv) for I2C1_Recv
    mpu9250.o(.text.MPU9250_calibrate) refers to systick.o(.text.SysTick80_Wait10ms) for SysTick80_Wait10ms
    mpu9250.o(.ARM.exidx.text.MPU9250_calibrate) refers to mpu9250.o(.text.MPU9250_calibrate) for [Anonymous Symbol]
    mpu9250.o(.text.MPU9250_getData) refers to i2c1.o(.text.I2C1_Send) for I2C1_Send
    mpu9250.o(.text.MPU9250_getData) refers to i2c1.o(.text.I2C1_Recv) for I2C1_Recv
    mpu9250.o(.ARM.exidx.text.MPU9250_getData) refers to mpu9250.o(.text.MPU9250_getData) for [Anonymous Symbol]
    mpr121.o(.text.MPR121_Init) refers to i2c1.o(.text.I2C1_Send) for I2C1_Send
    mpr121.o(.text.MPR121_Init) refers to i2c1.o(.text.I2C1_Recv) for I2C1_Recv
    mpr121.o(.text.MPR121_Init) refers to mpr121.o(.text.MPR121_SetThresholds) for MPR121_SetThresholds
    mpr121.o(.ARM.exidx.text.MPR121_Init) refers to mpr121.o(.text.MPR121_Init) for [Anonymous Symbol]
    mpr121.o(.text.MPR121_SetThresholds) refers to i2c1.o(.text.I2C1_Send) for I2C1_Send
    mpr121.o(.text.MPR121_SetThresholds) refers to i2c1.o(.text.I2C1_Recv) for I2C1_Recv
    mpr121.o(.ARM.exidx.text.MPR121_SetThresholds) refers to mpr121.o(.text.MPR121_SetThresholds) for [Anonymous Symbol]
    mpr121.o(.text.MPR121_ReadTouchStatus) refers to i2c1.o(.text.I2C1_Send) for I2C1_Send
    mpr121.o(.text.MPR121_ReadTouchStatus) refers to i2c1.o(.text.I2C1_Recv) for I2C1_Recv
    mpr121.o(.ARM.exidx.text.MPR121_ReadTouchStatus) refers to mpr121.o(.text.MPR121_ReadTouchStatus) for [Anonymous Symbol]
    mpr121.o(.text.MPR121_SetElectrodeConfig) refers to i2c1.o(.text.I2C1_Send) for I2C1_Send
    mpr121.o(.ARM.exidx.text.MPR121_SetElectrodeConfig) refers to mpr121.o(.text.MPR121_SetElectrodeConfig) for [Anonymous Symbol]
    systick.o(.ARM.exidx.text.SysTick_Init) refers to systick.o(.text.SysTick_Init) for [Anonymous Symbol]
    systick.o(.ARM.exidx.text.SysTick_Wait) refers to systick.o(.text.SysTick_Wait) for [Anonymous Symbol]
    systick.o(.ARM.exidx.text.SysTick_Wait10ms) refers to systick.o(.text.SysTick_Wait10ms) for [Anonymous Symbol]
    systick.o(.ARM.exidx.text.SysTick50_Wait10ms) refers to systick.o(.text.SysTick50_Wait10ms) for [Anonymous Symbol]
    systick.o(.ARM.exidx.text.SysTick80_Wait10ms) refers to systick.o(.text.SysTick80_Wait10ms) for [Anonymous Symbol]
    systick.o(.text.SysTick_Start) refers to systick.o(.bss.Time) for Time
    systick.o(.ARM.exidx.text.SysTick_Start) refers to systick.o(.text.SysTick_Start) for [Anonymous Symbol]
    systick.o(.text.SysTick_Stop) refers to systick.o(.bss.Time) for Time
    systick.o(.ARM.exidx.text.SysTick_Stop) refers to systick.o(.text.SysTick_Stop) for [Anonymous Symbol]
    entry.o(.ARM.Collect$$$$00000000) refers (Special) to entry10a.o(.ARM.Collect$$$$0000000D) for __rt_final_cpp
    entry.o(.ARM.Collect$$$$00000000) refers (Special) to entry11a.o(.ARM.Collect$$$$0000000F) for __rt_final_exit
    entry.o(.ARM.Collect$$$$00000000) refers (Special) to entry7b.o(.ARM.Collect$$$$00000008) for _main_clock
    entry.o(.ARM.Collect$$$$00000000) refers (Special) to entry8b.o(.ARM.Collect$$$$0000000A) for _main_cpp_init
    entry.o(.ARM.Collect$$$$00000000) refers (Special) to entry9a.o(.ARM.Collect$$$$0000000B) for _main_init
    entry.o(.ARM.Collect$$$$00000000) refers (Special) to entry5.o(.ARM.Collect$$$$00000004) for _main_scatterload
    entry.o(.ARM.Collect$$$$00000000) refers (Special) to entry2.o(.ARM.Collect$$$$00000001) for _main_stk
    entry2.o(.ARM.Collect$$$$00000001) refers to entry2.o(.ARM.Collect$$$$00002712) for __lit__00000000
    entry2.o(.ARM.Collect$$$$00002712) refers to startup.o(STACK) for __initial_sp
    entry2.o(__vectab_stack_and_reset_area) refers to startup.o(STACK) for __initial_sp
    entry2.o(__vectab_stack_and_reset_area) refers to entry.o(.ARM.Collect$$$$00000000) for __main
    entry5.o(.ARM.Collect$$$$00000004) refers to init.o(.text) for __scatterload
    entry9a.o(.ARM.Collect$$$$0000000B) refers to lab7.o(.text.main) for main
    entry9b.o(.ARM.Collect$$$$0000000C) refers to lab7.o(.text.main) for main
    init.o(.text) refers to entry5.o(.ARM.Collect$$$$00000004) for __main_after_scatterload


==============================================================================

Removing Unused input sections from the image.

    Removing startup.o(HEAP), (0 bytes).
    Removing lab7.o(.text), (0 bytes).
    Removing lab7.o(.ARM.exidx.text.main), (8 bytes).
    Removing lab7.o(.ARM.use_no_argv), (4 bytes).
    Removing mailbox.o(.text), (0 bytes).
    Removing pll.o(.text), (0 bytes).
    Removing pll.o(.ARM.exidx.text.PLL_Init), (8 bytes).
    Removing gpio_hal.o(.text), (0 bytes).
    Removing gpio_hal.o(.text.GPIO_Init), (558 bytes).
    Removing gpio_hal.o(.ARM.exidx.text.GPIO_Init), (8 bytes).
    Removing gpio_hal.o(.text.GPIO_Write), (20 bytes).
    Removing gpio_hal.o(.ARM.exidx.text.GPIO_Write), (8 bytes).
    Removing gpio_hal.o(.text.GPIO_Read), (14 bytes).
    Removing gpio_hal.o(.ARM.exidx.text.GPIO_Read), (8 bytes).
    Removing gpio_hal.o(.text.GPIO_Toggle), (20 bytes).
    Removing gpio_hal.o(.ARM.exidx.text.GPIO_Toggle), (8 bytes).
    Removing gpio_hal.o(.text.GPIO_DisableInterrupt), (20 bytes).
    Removing gpio_hal.o(.ARM.exidx.text.GPIO_DisableInterrupt), (8 bytes).
    Removing gpio_hal.o(.text.GPIO_EnableInterrupt), (18 bytes).
    Removing gpio_hal.o(.ARM.exidx.text.GPIO_EnableInterrupt), (8 bytes).
    Removing gpio_hal.o(.text.GPIO_ClearInterrupt), (12 bytes).
    Removing gpio_hal.o(.ARM.exidx.text.GPIO_ClearInterrupt), (8 bytes).
    Removing gpio_hal.o(.text.GPIO_AttachISR), (224 bytes).
    Removing gpio_hal.o(.ARM.exidx.text.GPIO_AttachISR), (8 bytes).
    Removing gpio_hal.o(.data.ports), (240 bytes).
    Removing unified_port_init.o(.text), (0 bytes).
    Removing unified_port_init.o(.text.Unified_Port_Init), (526 bytes).
    Removing unified_port_init.o(.ARM.exidx.text.Unified_Port_Init), (8 bytes).
    Removing unified_port_init.o(.text.Port_A_Init), (246 bytes).
    Removing unified_port_init.o(.ARM.exidx.text.Port_A_Init), (8 bytes).
    Removing unified_port_init.o(.text.Port_B_Init), (314 bytes).
    Removing unified_port_init.o(.ARM.exidx.text.Port_B_Init), (8 bytes).
    Removing unified_port_init.o(.text.Port_C_Init), (90 bytes).
    Removing unified_port_init.o(.ARM.exidx.text.Port_C_Init), (8 bytes).
    Removing unified_port_init.o(.text.Port_D_Init), (200 bytes).
    Removing unified_port_init.o(.ARM.exidx.text.Port_D_Init), (8 bytes).
    Removing unified_port_init.o(.text.Port_E_Init), (182 bytes).
    Removing unified_port_init.o(.ARM.exidx.text.Port_E_Init), (8 bytes).
    Removing unified_port_init.o(.text.Port_F_Init), (78 bytes).
    Removing unified_port_init.o(.ARM.exidx.text.Port_F_Init), (8 bytes).
    Removing i2c1.o(.text), (0 bytes).
    Removing i2c1.o(.ARM.exidx.text.I2C1_Init), (8 bytes).
    Removing i2c1.o(.ARM.exidx.text.I2C1_Send), (8 bytes).
    Removing i2c1.o(.text.I2C1_Send1), (42 bytes).
    Removing i2c1.o(.ARM.exidx.text.I2C1_Send1), (8 bytes).
    Removing i2c1.o(.text.I2C1_Send2), (86 bytes).
    Removing i2c1.o(.ARM.exidx.text.I2C1_Send2), (8 bytes).
    Removing i2c1.o(.text.I2C1_Send4), (150 bytes).
    Removing i2c1.o(.ARM.exidx.text.I2C1_Send4), (8 bytes).
    Removing i2c1.o(.text.I2C1_Recv1), (76 bytes).
    Removing i2c1.o(.ARM.exidx.text.I2C1_Recv1), (8 bytes).
    Removing i2c1.o(.ARM.exidx.text.I2C1_Recv), (8 bytes).
    Removing i2c1.o(.text.I2C1_Recv2), (98 bytes).
    Removing i2c1.o(.ARM.exidx.text.I2C1_Recv2), (8 bytes).
    Removing i2c1.o(.text.I2C1_Recv3), (78 bytes).
    Removing i2c1.o(.ARM.exidx.text.I2C1_Recv3), (8 bytes).
    Removing i2c1.o(.text.I2C1_SendData), (118 bytes).
    Removing i2c1.o(.ARM.exidx.text.I2C1_SendData), (8 bytes).
    Removing mpu9250.o(.text), (0 bytes).
    Removing mpu9250.o(.ARM.exidx.text.MPU9250_Init), (8 bytes).
    Removing mpu9250.o(.text.MPU9250_read_accel), (70 bytes).
    Removing mpu9250.o(.ARM.exidx.text.MPU9250_read_accel), (8 bytes).
    Removing mpu9250.o(.text.MPU9250_read_gyro), (70 bytes).
    Removing mpu9250.o(.ARM.exidx.text.MPU9250_read_gyro), (8 bytes).
    Removing mpu9250.o(.ARM.exidx.text.MPU9250_calibrate), (8 bytes).
    Removing mpu9250.o(.ARM.exidx.text.MPU9250_getData), (8 bytes).
    Removing mpr121.o(.text), (0 bytes).
    Removing mpr121.o(.ARM.exidx.text.MPR121_Init), (8 bytes).
    Removing mpr121.o(.ARM.exidx.text.MPR121_SetThresholds), (8 bytes).
    Removing mpr121.o(.ARM.exidx.text.MPR121_ReadTouchStatus), (8 bytes).
    Removing mpr121.o(.text.MPR121_SetElectrodeConfig), (42 bytes).
    Removing mpr121.o(.ARM.exidx.text.MPR121_SetElectrodeConfig), (8 bytes).
    Removing systick.o(.text), (0 bytes).
    Removing systick.o(.ARM.exidx.text.SysTick_Init), (8 bytes).
    Removing systick.o(.text.SysTick_Wait), (24 bytes).
    Removing systick.o(.ARM.exidx.text.SysTick_Wait), (8 bytes).
    Removing systick.o(.text.SysTick_Wait10ms), (58 bytes).
    Removing systick.o(.ARM.exidx.text.SysTick_Wait10ms), (8 bytes).
    Removing systick.o(.text.SysTick50_Wait10ms), (58 bytes).
    Removing systick.o(.ARM.exidx.text.SysTick50_Wait10ms), (8 bytes).
    Removing systick.o(.ARM.exidx.text.SysTick80_Wait10ms), (8 bytes).
    Removing systick.o(.text.SysTick_Start), (22 bytes).
    Removing systick.o(.ARM.exidx.text.SysTick_Start), (8 bytes).
    Removing systick.o(.text.SysTick_Stop), (28 bytes).
    Removing systick.o(.ARM.exidx.text.SysTick_Stop), (8 bytes).
    Removing systick.o(.bss.Time), (4 bytes).

86 unused section(s) (total 4134 bytes) removed from the image.

==============================================================================

Image Symbol Table

    Local Symbols

    Symbol Name                              Value     Ov Type        Size  Object(Section)

    ../clib/microlib/init/entry.s            0x00000000   Number         0  entry.o ABSOLUTE
    ../clib/microlib/init/entry.s            0x00000000   Number         0  entry2.o ABSOLUTE
    ../clib/microlib/init/entry.s            0x00000000   Number         0  entry5.o ABSOLUTE
    ../clib/microlib/init/entry.s            0x00000000   Number         0  entry7a.o ABSOLUTE
    ../clib/microlib/init/entry.s            0x00000000   Number         0  entry7b.o ABSOLUTE
    ../clib/microlib/init/entry.s            0x00000000   Number         0  entry8a.o ABSOLUTE
    ../clib/microlib/init/entry.s            0x00000000   Number         0  entry8b.o ABSOLUTE
    ../clib/microlib/init/entry.s            0x00000000   Number         0  entry9a.o ABSOLUTE
    ../clib/microlib/init/entry.s            0x00000000   Number         0  entry9b.o ABSOLUTE
    ../clib/microlib/init/entry.s            0x00000000   Number         0  entry10a.o ABSOLUTE
    ../clib/microlib/init/entry.s            0x00000000   Number         0  entry10b.o ABSOLUTE
    ../clib/microlib/init/entry.s            0x00000000   Number         0  entry11a.o ABSOLUTE
    ../clib/microlib/init/entry.s            0x00000000   Number         0  entry11b.o ABSOLUTE
    GPIO_HAL.c                               0x00000000   Number         0  gpio_hal.o ABSOLUTE
    I2C1.c                                   0x00000000   Number         0  i2c1.o ABSOLUTE
    Lab7.c                                   0x00000000   Number         0  lab7.o ABSOLUTE
    PLL.c                                    0x00000000   Number         0  pll.o ABSOLUTE
    SysTick.c                                0x00000000   Number         0  systick.o ABSOLUTE
    Unified_Port_Init.c                      0x00000000   Number         0  unified_port_init.o ABSOLUTE
    dc.s                                     0x00000000   Number         0  dc.o ABSOLUTE
    handlers.s                               0x00000000   Number         0  handlers.o ABSOLUTE
    init.s                                   0x00000000   Number         0  init.o ABSOLUTE
    mailbox.c                                0x00000000   Number         0  mailbox.o ABSOLUTE
    mpr121.c                                 0x00000000   Number         0  mpr121.o ABSOLUTE
    mpu9250.c                                0x00000000   Number         0  mpu9250.o ABSOLUTE
    startup.s                                0x00000000   Number         0  startup.o ABSOLUTE
    RESET                                    0x00000000   Section      644  startup.o(RESET)
    $v0                                      0x0000026c   Number         0  startup.o(RESET)
    .ARM.Collect$$$$00000000                 0x00000284   Section        0  entry.o(.ARM.Collect$$$$00000000)
    .ARM.Collect$$$$00000001                 0x00000284   Section        4  entry2.o(.ARM.Collect$$$$00000001)
    .ARM.Collect$$$$00000004                 0x00000288   Section        4  entry5.o(.ARM.Collect$$$$00000004)
    .ARM.Collect$$$$00000008                 0x0000028c   Section        0  entry7b.o(.ARM.Collect$$$$00000008)
    .ARM.Collect$$$$0000000A                 0x0000028c   Section        0  entry8b.o(.ARM.Collect$$$$0000000A)
    .ARM.Collect$$$$0000000B                 0x0000028c   Section        8  entry9a.o(.ARM.Collect$$$$0000000B)
    __lit__00000000                          0x00000294   Data           4  entry2.o(.ARM.Collect$$$$00002712)
    .ARM.Collect$$$$0000000D                 0x00000294   Section        0  entry10a.o(.ARM.Collect$$$$0000000D)
    .ARM.Collect$$$$0000000F                 0x00000294   Section        0  entry11a.o(.ARM.Collect$$$$0000000F)
    .ARM.Collect$$$$00002712                 0x00000294   Section        4  entry2.o(.ARM.Collect$$$$00002712)
    $v0                                      0x00000298   Number         0  startup.o(.text)
    .text                                    0x00000298   Section       28  startup.o(.text)
    .text                                    0x000002b4   Section       48  init.o(.text)
    [Anonymous Symbol]                       0x000002e4   Section        0  i2c1.o(.text.I2C1_Init)
    [Anonymous Symbol]                       0x00000384   Section        0  i2c1.o(.text.I2C1_Recv)
    [Anonymous Symbol]                       0x00000454   Section        0  i2c1.o(.text.I2C1_Send)
    [Anonymous Symbol]                       0x00000518   Section        0  mpr121.o(.text.MPR121_Init)
    [Anonymous Symbol]                       0x000005c4   Section        0  mpr121.o(.text.MPR121_ReadTouchStatus)
    [Anonymous Symbol]                       0x000005f0   Section        0  mpr121.o(.text.MPR121_SetThresholds)
    [Anonymous Symbol]                       0x00000698   Section        0  mpu9250.o(.text.MPU9250_Init)
    [Anonymous Symbol]                       0x0000071c   Section        0  mpu9250.o(.text.MPU9250_calibrate)
    [Anonymous Symbol]                       0x000007bc   Section        0  mpu9250.o(.text.MPU9250_getData)
    [Anonymous Symbol]                       0x00000864   Section        0  pll.o(.text.PLL_Init)
    [Anonymous Symbol]                       0x000008d0   Section        0  systick.o(.text.SysTick80_Wait10ms)
    [Anonymous Symbol]                       0x0000090c   Section        0  systick.o(.text.SysTick_Init)
    [Anonymous Symbol]                       0x00000928   Section        0  lab7.o(.text.main)
    i.__scatterload_copy                     0x0000098a   Section       14  handlers.o(i.__scatterload_copy)
    i.__scatterload_null                     0x00000998   Section        2  handlers.o(i.__scatterload_null)
    i.__scatterload_zeroinit                 0x0000099a   Section       14  handlers.o(i.__scatterload_zeroinit)
    StackMem                                 0x20000020   Data           0  startup.o(STACK)
    STACK                                    0x20000020   Section     1024  startup.o(STACK)

    Global Symbols

    Symbol Name                              Value     Ov Type        Size  Object(Section)

    BuildAttributes$$THM_ISAv4$E$P$D$K$B$S$7EM$VFPi3$EXTD16$VFPS$VFMA$PE$A:L22UL41UL21$X:L11$S22US41US21$IEEE1$IW$~IW$USESV6$~STKCKD$USESV7$~SHL$OTIME$EBA8$MICROLIB$REQ8$PRES8$EABIv2 0x00000000   Number         0  anon$$obj.o ABSOLUTE
    __Vectors                                0x00000000   Data           0  startup.o(RESET)
    __cpp_initialize__aeabi_                  - Undefined Weak Reference
    __cxa_finalize                            - Undefined Weak Reference
    __decompress                              - Undefined Weak Reference
    _clock_init                               - Undefined Weak Reference
    _microlib_exit                            - Undefined Weak Reference
    Reset_Handler                            0x0000026d   Thumb Code     0  startup.o(RESET)
    NMI_Handler                              0x00000271   Thumb Code     2  startup.o(RESET)
    HardFault_Handler                        0x00000273   Thumb Code     2  startup.o(RESET)
    MemManage_Handler                        0x00000275   Thumb Code     2  startup.o(RESET)
    BusFault_Handler                         0x00000277   Thumb Code     2  startup.o(RESET)
    UsageFault_Handler                       0x00000279   Thumb Code     2  startup.o(RESET)
    SVC_Handler                              0x0000027b   Thumb Code     2  startup.o(RESET)
    DebugMon_Handler                         0x0000027d   Thumb Code     2  startup.o(RESET)
    PendSV_Handler                           0x0000027f   Thumb Code     2  startup.o(RESET)
    SysTick_Handler                          0x00000281   Thumb Code     2  startup.o(RESET)
    ADC0Seq0_Handler                         0x00000283   Thumb Code     0  startup.o(RESET)
    ADC0Seq1_Handler                         0x00000283   Thumb Code     0  startup.o(RESET)
    ADC0Seq2_Handler                         0x00000283   Thumb Code     0  startup.o(RESET)
    ADC0Seq3_Handler                         0x00000283   Thumb Code     0  startup.o(RESET)
    ADC1Seq0_Handler                         0x00000283   Thumb Code     0  startup.o(RESET)
    ADC1Seq1_Handler                         0x00000283   Thumb Code     0  startup.o(RESET)
    ADC1Seq2_Handler                         0x00000283   Thumb Code     0  startup.o(RESET)
    ADC1Seq3_Handler                         0x00000283   Thumb Code     0  startup.o(RESET)
    CAN0_Handler                             0x00000283   Thumb Code     0  startup.o(RESET)
    CAN1_Handler                             0x00000283   Thumb Code     0  startup.o(RESET)
    CAN2_Handler                             0x00000283   Thumb Code     0  startup.o(RESET)
    Comp0_Handler                            0x00000283   Thumb Code     0  startup.o(RESET)
    Comp1_Handler                            0x00000283   Thumb Code     0  startup.o(RESET)
    Comp2_Handler                            0x00000283   Thumb Code     0  startup.o(RESET)
    Ethernet_Handler                         0x00000283   Thumb Code     0  startup.o(RESET)
    ExtBus_Handler                           0x00000283   Thumb Code     0  startup.o(RESET)
    FPU_Handler                              0x00000283   Thumb Code     0  startup.o(RESET)
    Fan0_Handler                             0x00000283   Thumb Code     0  startup.o(RESET)
    FlashCtl_Handler                         0x00000283   Thumb Code     0  startup.o(RESET)
    GPIOPortA_Handler                        0x00000283   Thumb Code     0  startup.o(RESET)
    GPIOPortB_Handler                        0x00000283   Thumb Code     0  startup.o(RESET)
    GPIOPortC_Handler                        0x00000283   Thumb Code     0  startup.o(RESET)
    GPIOPortD_Handler                        0x00000283   Thumb Code     0  startup.o(RESET)
    GPIOPortE_Handler                        0x00000283   Thumb Code     0  startup.o(RESET)
    GPIOPortF_Handler                        0x00000283   Thumb Code     0  startup.o(RESET)
    GPIOPortG_Handler                        0x00000283   Thumb Code     0  startup.o(RESET)
    GPIOPortH_Handler                        0x00000283   Thumb Code     0  startup.o(RESET)
    GPIOPortJ_Handler                        0x00000283   Thumb Code     0  startup.o(RESET)
    GPIOPortK_Handler                        0x00000283   Thumb Code     0  startup.o(RESET)
    GPIOPortL_Handler                        0x00000283   Thumb Code     0  startup.o(RESET)
    GPIOPortM_Handler                        0x00000283   Thumb Code     0  startup.o(RESET)
    GPIOPortN_Handler                        0x00000283   Thumb Code     0  startup.o(RESET)
    GPIOPortP1_Handler                       0x00000283   Thumb Code     0  startup.o(RESET)
    GPIOPortP2_Handler                       0x00000283   Thumb Code     0  startup.o(RESET)
    GPIOPortP3_Handler                       0x00000283   Thumb Code     0  startup.o(RESET)
    GPIOPortP4_Handler                       0x00000283   Thumb Code     0  startup.o(RESET)
    GPIOPortP5_Handler                       0x00000283   Thumb Code     0  startup.o(RESET)
    GPIOPortP6_Handler                       0x00000283   Thumb Code     0  startup.o(RESET)
    GPIOPortP7_Handler                       0x00000283   Thumb Code     0  startup.o(RESET)
    GPIOPortP_Handler                        0x00000283   Thumb Code     0  startup.o(RESET)
    GPIOPortQ1_Handler                       0x00000283   Thumb Code     0  startup.o(RESET)
    GPIOPortQ2_Handler                       0x00000283   Thumb Code     0  startup.o(RESET)
    GPIOPortQ3_Handler                       0x00000283   Thumb Code     0  startup.o(RESET)
    GPIOPortQ4_Handler                       0x00000283   Thumb Code     0  startup.o(RESET)
    GPIOPortQ5_Handler                       0x00000283   Thumb Code     0  startup.o(RESET)
    GPIOPortQ6_Handler                       0x00000283   Thumb Code     0  startup.o(RESET)
    GPIOPortQ7_Handler                       0x00000283   Thumb Code     0  startup.o(RESET)
    GPIOPortQ_Handler                        0x00000283   Thumb Code     0  startup.o(RESET)
    GPIOPortR_Handler                        0x00000283   Thumb Code     0  startup.o(RESET)
    GPIOPortS_Handler                        0x00000283   Thumb Code     0  startup.o(RESET)
    Hibernate_Handler                        0x00000283   Thumb Code     0  startup.o(RESET)
    I2C0_Handler                             0x00000283   Thumb Code     0  startup.o(RESET)
    I2C1_Handler                             0x00000283   Thumb Code     0  startup.o(RESET)
    I2C2_Handler                             0x00000283   Thumb Code     0  startup.o(RESET)
    I2C3_Handler                             0x00000283   Thumb Code     0  startup.o(RESET)
    I2C4_Handler                             0x00000283   Thumb Code     0  startup.o(RESET)
    I2C5_Handler                             0x00000283   Thumb Code     0  startup.o(RESET)
    I2S0_Handler                             0x00000283   Thumb Code     0  startup.o(RESET)
    LPC0_Handler                             0x00000283   Thumb Code     0  startup.o(RESET)
    PECI0_Handler                            0x00000283   Thumb Code     0  startup.o(RESET)
    PWM0Fault_Handler                        0x00000283   Thumb Code     0  startup.o(RESET)
    PWM0Generator0_Handler                   0x00000283   Thumb Code     0  startup.o(RESET)
    PWM0Generator1_Handler                   0x00000283   Thumb Code     0  startup.o(RESET)
    PWM0Generator2_Handler                   0x00000283   Thumb Code     0  startup.o(RESET)
    PWM0Generator3_Handler                   0x00000283   Thumb Code     0  startup.o(RESET)
    PWM1Fault_Handler                        0x00000283   Thumb Code     0  startup.o(RESET)
    PWM1Generator0_Handler                   0x00000283   Thumb Code     0  startup.o(RESET)
    PWM1Generator1_Handler                   0x00000283   Thumb Code     0  startup.o(RESET)
    PWM1Generator2_Handler                   0x00000283   Thumb Code     0  startup.o(RESET)
    PWM1Generator3_Handler                   0x00000283   Thumb Code     0  startup.o(RESET)
    Quadrature0_Handler                      0x00000283   Thumb Code     0  startup.o(RESET)
    Quadrature1_Handler                      0x00000283   Thumb Code     0  startup.o(RESET)
    Quadrature2_Handler                      0x00000283   Thumb Code     0  startup.o(RESET)
    SSI0_Handler                             0x00000283   Thumb Code     0  startup.o(RESET)
    SSI1_Handler                             0x00000283   Thumb Code     0  startup.o(RESET)
    SSI2_Handler                             0x00000283   Thumb Code     0  startup.o(RESET)
    SSI3_Handler                             0x00000283   Thumb Code     0  startup.o(RESET)
    SysCtl_Handler                           0x00000283   Thumb Code     0  startup.o(RESET)
    Timer0A_Handler                          0x00000283   Thumb Code     0  startup.o(RESET)
    Timer0B_Handler                          0x00000283   Thumb Code     0  startup.o(RESET)
    Timer1A_Handler                          0x00000283   Thumb Code     0  startup.o(RESET)
    Timer1B_Handler                          0x00000283   Thumb Code     0  startup.o(RESET)
    Timer2A_Handler                          0x00000283   Thumb Code     0  startup.o(RESET)
    Timer2B_Handler                          0x00000283   Thumb Code     0  startup.o(RESET)
    Timer3A_Handler                          0x00000283   Thumb Code     0  startup.o(RESET)
    Timer3B_Handler                          0x00000283   Thumb Code     0  startup.o(RESET)
    Timer4A_Handler                          0x00000283   Thumb Code     0  startup.o(RESET)
    Timer4B_Handler                          0x00000283   Thumb Code     0  startup.o(RESET)
    Timer5A_Handler                          0x00000283   Thumb Code     0  startup.o(RESET)
    Timer5B_Handler                          0x00000283   Thumb Code     0  startup.o(RESET)
    UART0_Handler                            0x00000283   Thumb Code     0  startup.o(RESET)
    UART1_Handler                            0x00000283   Thumb Code     0  startup.o(RESET)
    UART2_Handler                            0x00000283   Thumb Code     0  startup.o(RESET)
    UART3_Handler                            0x00000283   Thumb Code     0  startup.o(RESET)
    UART4_Handler                            0x00000283   Thumb Code     0  startup.o(RESET)
    UART5_Handler                            0x00000283   Thumb Code     0  startup.o(RESET)
    UART6_Handler                            0x00000283   Thumb Code     0  startup.o(RESET)
    UART7_Handler                            0x00000283   Thumb Code     0  startup.o(RESET)
    USB0_Handler                             0x00000283   Thumb Code     0  startup.o(RESET)
    WDT_Handler                              0x00000283   Thumb Code     0  startup.o(RESET)
    WideTimer0A_Handler                      0x00000283   Thumb Code     0  startup.o(RESET)
    WideTimer0B_Handler                      0x00000283   Thumb Code     0  startup.o(RESET)
    WideTimer1A_Handler                      0x00000283   Thumb Code     0  startup.o(RESET)
    WideTimer1B_Handler                      0x00000283   Thumb Code     0  startup.o(RESET)
    WideTimer2A_Handler                      0x00000283   Thumb Code     0  startup.o(RESET)
    WideTimer2B_Handler                      0x00000283   Thumb Code     0  startup.o(RESET)
    WideTimer3A_Handler                      0x00000283   Thumb Code     0  startup.o(RESET)
    WideTimer3B_Handler                      0x00000283   Thumb Code     0  startup.o(RESET)
    WideTimer4A_Handler                      0x00000283   Thumb Code     0  startup.o(RESET)
    WideTimer4B_Handler                      0x00000283   Thumb Code     0  startup.o(RESET)
    WideTimer5A_Handler                      0x00000283   Thumb Code     0  startup.o(RESET)
    WideTimer5B_Handler                      0x00000283   Thumb Code     0  startup.o(RESET)
    uDMA_Error                               0x00000283   Thumb Code     0  startup.o(RESET)
    uDMA_Handler                             0x00000283   Thumb Code     0  startup.o(RESET)
    __main                                   0x00000285   Thumb Code     0  entry.o(.ARM.Collect$$$$00000000)
    _main_stk                                0x00000285   Thumb Code     0  entry2.o(.ARM.Collect$$$$00000001)
    _main_scatterload                        0x00000289   Thumb Code     0  entry5.o(.ARM.Collect$$$$00000004)
    __main_after_scatterload                 0x0000028d   Thumb Code     0  entry5.o(.ARM.Collect$$$$00000004)
    _main_clock                              0x0000028d   Thumb Code     0  entry7b.o(.ARM.Collect$$$$00000008)
    _main_cpp_init                           0x0000028d   Thumb Code     0  entry8b.o(.ARM.Collect$$$$0000000A)
    _main_init                               0x0000028d   Thumb Code     0  entry9a.o(.ARM.Collect$$$$0000000B)
    __rt_final_cpp                           0x00000295   Thumb Code     0  entry10a.o(.ARM.Collect$$$$0000000D)
    __rt_final_exit                          0x00000295   Thumb Code     0  entry11a.o(.ARM.Collect$$$$0000000F)
    DisableInterrupts                        0x00000299   Thumb Code     0  startup.o(.text)
    EnableInterrupts                         0x0000029d   Thumb Code     0  startup.o(.text)
    StartCritical                            0x000002a1   Thumb Code     0  startup.o(.text)
    EndCritical                              0x000002a9   Thumb Code     0  startup.o(.text)
    WaitForInterrupt                         0x000002af   Thumb Code     0  startup.o(.text)
    __scatterload                            0x000002b5   Thumb Code    38  init.o(.text)
    __scatterload_rt2                        0x000002b5   Thumb Code     0  init.o(.text)
    I2C1_Init                                0x000002e5   Thumb Code   158  i2c1.o(.text.I2C1_Init)
    I2C1_Recv                                0x00000385   Thumb Code   208  i2c1.o(.text.I2C1_Recv)
    I2C1_Send                                0x00000455   Thumb Code   194  i2c1.o(.text.I2C1_Send)
    MPR121_Init                              0x00000519   Thumb Code   170  mpr121.o(.text.MPR121_Init)
    MPR121_ReadTouchStatus                   0x000005c5   Thumb Code    42  mpr121.o(.text.MPR121_ReadTouchStatus)
    MPR121_SetThresholds                     0x000005f1   Thumb Code   168  mpr121.o(.text.MPR121_SetThresholds)
    MPU9250_Init                             0x00000699   Thumb Code   130  mpu9250.o(.text.MPU9250_Init)
    MPU9250_calibrate                        0x0000071d   Thumb Code   160  mpu9250.o(.text.MPU9250_calibrate)
    MPU9250_getData                          0x000007bd   Thumb Code   166  mpu9250.o(.text.MPU9250_getData)
    PLL_Init                                 0x00000865   Thumb Code   106  pll.o(.text.PLL_Init)
    SysTick80_Wait10ms                       0x000008d1   Thumb Code    58  systick.o(.text.SysTick80_Wait10ms)
    SysTick_Init                             0x0000090d   Thumb Code    26  systick.o(.text.SysTick_Init)
    main                                     0x00000929   Thumb Code    98  lab7.o(.text.main)
    __scatterload_copy                       0x0000098b   Thumb Code    14  handlers.o(i.__scatterload_copy)
    __scatterload_null                       0x00000999   Thumb Code     2  handlers.o(i.__scatterload_null)
    __scatterload_zeroinit                   0x0000099b   Thumb Code    14  handlers.o(i.__scatterload_zeroinit)
    Region$$Table$$Base                      0x000009a8   Number         0  anon$$obj.o(Region$$Table)
    Region$$Table$$Limit                     0x000009b8   Number         0  anon$$obj.o(Region$$Table)
    imu_proc                                 0x20000000   Data          18  lab7.o(.bss.imu_proc)
    imu_raw                                  0x20000012   Data          12  lab7.o(.bss.imu_raw)
    touch                                    0x2000001e   Data           2  lab7.o(.bss.touch)
    __initial_sp                             0x20000420   Data           0  startup.o(STACK)



==============================================================================

Memory Map of the image

  Image Entry point : 0x0000026d

  Load Region LR_1 (Base: 0x00000000, Size: 0x000009b8, Max: 0xffffffff, ABSOLUTE)

    Execution Region ER_RO (Exec base: 0x00000000, Load base: 0x00000000, Size: 0x000009b8, Max: 0xffffffff, ABSOLUTE)

    Exec Addr    Load Addr    Size         Type   Attr      Idx    E Section Name        Object

    0x00000000   0x00000000   0x00000284   Code   RO            3  * RESET               startup.o
    0x00000284   0x00000284   0x00000000   Code   RO          165  * .ARM.Collect$$$$00000000  mc_w.l(entry.o)
    0x00000284   0x00000284   0x00000004   Code   RO          168    .ARM.Collect$$$$00000001  mc_w.l(entry2.o)
    0x00000288   0x00000288   0x00000004   Code   RO          171    .ARM.Collect$$$$00000004  mc_w.l(entry5.o)
    0x0000028c   0x0000028c   0x00000000   Code   RO          173    .ARM.Collect$$$$00000008  mc_w.l(entry7b.o)
    0x0000028c   0x0000028c   0x00000000   Code   RO          175    .ARM.Collect$$$$0000000A  mc_w.l(entry8b.o)
    0x0000028c   0x0000028c   0x00000008   Code   RO          176    .ARM.Collect$$$$0000000B  mc_w.l(entry9a.o)
    0x00000294   0x00000294   0x00000000   Code   RO          178    .ARM.Collect$$$$0000000D  mc_w.l(entry10a.o)
    0x00000294   0x00000294   0x00000000   Code   RO          180    .ARM.Collect$$$$0000000F  mc_w.l(entry11a.o)
    0x00000294   0x00000294   0x00000004   Code   RO          169    .ARM.Collect$$$$00002712  mc_w.l(entry2.o)
    0x00000298   0x00000298   0x0000001c   Code   RO            4    .text               startup.o
    0x000002b4   0x000002b4   0x00000030   Code   RO          182    .text               mc_w.l(init.o)
    0x000002e4   0x000002e4   0x0000009e   Code   RO           81    .text.I2C1_Init     i2c1.o
    0x00000382   0x00000382   0x00000002   PAD
    0x00000384   0x00000384   0x000000d0   Code   RO           93    .text.I2C1_Recv     i2c1.o
    0x00000454   0x00000454   0x000000c2   Code   RO           83    .text.I2C1_Send     i2c1.o
    0x00000516   0x00000516   0x00000002   PAD
    0x00000518   0x00000518   0x000000aa   Code   RO          127    .text.MPR121_Init   mpr121.o
    0x000005c2   0x000005c2   0x00000002   PAD
    0x000005c4   0x000005c4   0x0000002a   Code   RO          131    .text.MPR121_ReadTouchStatus  mpr121.o
    0x000005ee   0x000005ee   0x00000002   PAD
    0x000005f0   0x000005f0   0x000000a8   Code   RO          129    .text.MPR121_SetThresholds  mpr121.o
    0x00000698   0x00000698   0x00000082   Code   RO          109    .text.MPU9250_Init  mpu9250.o
    0x0000071a   0x0000071a   0x00000002   PAD
    0x0000071c   0x0000071c   0x000000a0   Code   RO          115    .text.MPU9250_calibrate  mpu9250.o
    0x000007bc   0x000007bc   0x000000a6   Code   RO          117    .text.MPU9250_getData  mpu9250.o
    0x00000862   0x00000862   0x00000002   PAD
    0x00000864   0x00000864   0x0000006a   Code   RO           26    .text.PLL_Init      pll.o
    0x000008ce   0x000008ce   0x00000002   PAD
    0x000008d0   0x000008d0   0x0000003a   Code   RO          151    .text.SysTick80_Wait10ms  systick.o
    0x0000090a   0x0000090a   0x00000002   PAD
    0x0000090c   0x0000090c   0x0000001a   Code   RO          143    .text.SysTick_Init  systick.o
    0x00000926   0x00000926   0x00000002   PAD
    0x00000928   0x00000928   0x00000062   Code   RO           13    .text.main          lab7.o
    0x0000098a   0x0000098a   0x0000000e   Code   RO          186    i.__scatterload_copy  mc_w.l(handlers.o)
    0x00000998   0x00000998   0x00000002   Code   RO          187    i.__scatterload_null  mc_w.l(handlers.o)
    0x0000099a   0x0000099a   0x0000000e   Code   RO          188    i.__scatterload_zeroinit  mc_w.l(handlers.o)
    0x000009a8   0x000009a8   0x00000010   Data   RO          185    Region$$Table       anon$$obj.o


    Execution Region ER_RW (Exec base: 0x20000000, Load base: 0x000009b8, Size: 0x00000000, Max: 0xffffffff, ABSOLUTE)

    **** No section assigned to this execution region ****


    Execution Region ER_ZI (Exec base: 0x20000000, Load base: 0x000009b8, Size: 0x00000420, Max: 0xffffffff, ABSOLUTE)

    Exec Addr    Load Addr    Size         Type   Attr      Idx    E Section Name        Object

    0x20000000        -       0x00000012   Zero   RW           15    .bss.imu_proc       lab7.o
    0x20000012        -       0x0000000c   Zero   RW           16    .bss.imu_raw        lab7.o
    0x2000001e        -       0x00000002   Zero   RW           17    .bss.touch          lab7.o
    0x20000020        -       0x00000400   Zero   RW            1    STACK               startup.o


==============================================================================

Image component sizes


      Code (inc. data)   RO Data    RW Data    ZI Data      Debug   Object Name

       560          0          0          0          0       4488   i2c1.o
        98          0          0          0         32       1036   lab7.o
       380          0          0          0          0       3077   mpr121.o
       456          0          0          0          0       3038   mpu9250.o
       106          0          0          0          0        640   pll.o
       672        622          0          0       1024       1036   startup.o
        84          0          0          0          0       1820   systick.o

    ----------------------------------------------------------------------
      2374        622         16          0       1056      15135   Object Totals
         0          0         16          0          0          0   (incl. Generated)
        18          0          0          0          0          0   (incl. Padding)

    ----------------------------------------------------------------------

      Code (inc. data)   RO Data    RW Data    ZI Data      Debug   Library Member Name

         0          0          0          0          0          0   entry.o
         0          0          0          0          0          0   entry10a.o
         0          0          0          0          0          0   entry11a.o
         8          4          0          0          0          0   entry2.o
         4          0          0          0          0          0   entry5.o
         0          0          0          0          0          0   entry7b.o
         0          0          0          0          0          0   entry8b.o
         8          4          0          0          0          0   entry9a.o
        30          0          0          0          0          0   handlers.o
        48         10          0          0          0         68   init.o

    ----------------------------------------------------------------------
        98         18          0          0          0         68   Library Totals
         0          0          0          0          0          0   (incl. Padding)

    ----------------------------------------------------------------------

      Code (inc. data)   RO Data    RW Data    ZI Data      Debug   Library Name

        98         18          0          0          0         68   mc_w.l

    ----------------------------------------------------------------------
        98         18          0          0          0         68   Library Totals

    ----------------------------------------------------------------------

==============================================================================


      Code (inc. data)   RO Data    RW Data    ZI Data      Debug   

      2472        640         16          0       1056      15307   Grand Totals
      2472        640         16          0       1056      15307   ELF Image Totals
      2472        640         16          0          0          0   ROM Totals

==============================================================================

    Total RO  Size (Code + RO Data)                 2488 (   2.43kB)
    Total RW  Size (RW Data + ZI Data)              1056 (   1.03kB)
    Total ROM Size (Code + RO Data + RW Data)       2488 (   2.43kB)

==============================================================================

