Component: Arm Compiler for Embedded 6.24 Tool: armlink [5f371500]

==============================================================================

Section Cross References

    startup.o(RESET) refers to startup.o(STACK) for StackMem
    startup.o(RESET) refers to music.o(.text.SysTick_Handler) for SysTick_Handler
    startup.o(RESET) refers to lab7.o(.text.GPIOPortE_Handler) for GPIOPortE_Handler
    startup.o(RESET) refers to timer0a.o(.text.Timer0A_Handler) for Timer0A_Handler
    startup.o(RESET) refers to timer1a.o(.text.Timer1A_Handler) for Timer1A_Handler
    startup.o(RESET) refers to timer2a.o(.text.Timer2A_Handler) for Timer2A_Handler
    startup.o(RESET) refers to lab7.o(.text.GPIOPortF_Handler) for GPIOPortF_Handler
    startup.o(RESET) refers to entry.o(.ARM.Collect$$$$00000000) for __main
    lab7.o(.text.switch_task) refers to lab7.o(.bss.ticks_ms) for ticks_ms
    lab7.o(.text.switch_task) refers to betterswitch.o(.bss.PE0_flag) for PE0_flag
    lab7.o(.text.switch_task) refers to betterswitch.o(.bss.PE0_start) for PE0_start
    lab7.o(.text.switch_task) refers to lab7.o(.bss.PE0_read_pending) for PE0_read_pending
    lab7.o(.text.switch_task) refers to gpio_hal.o(.text.GPIO_EnableInterrupt) for GPIO_EnableInterrupt
    lab7.o(.text.switch_task) refers to betterswitch.o(.bss.PE1_flag) for PE1_flag
    lab7.o(.text.switch_task) refers to betterswitch.o(.bss.PE1_start) for PE1_start
    lab7.o(.text.switch_task) refers to lab7.o(.bss.PE1_read_pending) for PE1_read_pending
    lab7.o(.text.switch_task) refers to betterswitch.o(.bss.PF4_flag) for PF4_flag
    lab7.o(.text.switch_task) refers to betterswitch.o(.bss.PF4_start) for PF4_start
    lab7.o(.text.switch_task) refers to lab7.o(.bss.PF4_read_pending) for PF4_read_pending
    lab7.o(.ARM.exidx.text.switch_task) refers to lab7.o(.text.switch_task) for [Anonymous Symbol]
    lab7.o(.text.GPIOPortE_Handler) refers to gpio_hal.o(.data.ports) for ports
    lab7.o(.ARM.exidx.text.GPIOPortE_Handler) refers to lab7.o(.text.GPIOPortE_Handler) for [Anonymous Symbol]
    lab7.o(.text.GPIOPortF_Handler) refers to gpio_hal.o(.data.ports) for ports
    lab7.o(.ARM.exidx.text.GPIOPortF_Handler) refers to lab7.o(.text.GPIOPortF_Handler) for [Anonymous Symbol]
    lab7.o(.text.main) refers to startup.o(.text) for DisableInterrupts
    lab7.o(.text.main) refers to pll.o(.text.PLL_Init) for PLL_Init
    lab7.o(.text.main) refers to betterswitch.o(.text.BetterSwitch_Init) for BetterSwitch_Init
    lab7.o(.text.main) refers to music.o(.text.Music_Init) for Music_Init
    lab7.o(.text.main) refers to lab7.o(.text.switch_task) for switch_task
    lab7.o(.text.main) refers to timer0a.o(.text.Timer0A_Init) for Timer0A_Init
    lab7.o(.text.main) refers to lab7.o(.bss.PE0_pressed) for PE0_pressed
    lab7.o(.text.main) refers to lab7.o(.bss.PE1_read_pending) for PE1_read_pending
    lab7.o(.text.main) refers to lab7.o(.bss.PE1_pressed) for PE1_pressed
    lab7.o(.text.main) refers to lab7.o(.bss.PF4_read_pending) for PF4_read_pending
    lab7.o(.text.main) refers to lab7.o(.bss.PF4_pressed) for PF4_pressed
    lab7.o(.text.main) refers to lab7.o(.bss.b_count) for b_count
    lab7.o(.text.main) refers to lab7.o(.bss.play_flag) for play_flag
    lab7.o(.text.main) refers to lab7.o(.bss.PE0_read_pending) for PE0_read_pending
    lab7.o(.text.main) refers to gpio_hal.o(.text.GPIO_Read) for GPIO_Read
    lab7.o(.text.main) refers to music.o(.text.Stop) for Stop
    lab7.o(.text.main) refers to music.o(.text.Play) for Play
    lab7.o(.text.main) refers to music.o(.text.Rewind) for Rewind
    lab7.o(.text.main) refers to music.o(.text.ChangeTempo) for ChangeTempo
    lab7.o(.ARM.exidx.text.main) refers to lab7.o(.text.main) for [Anonymous Symbol]
    music.o(.text.metronome) refers to music.o(.bss.tick_count1) for tick_count1
    music.o(.text.metronome) refers to music.o(.bss.tick_count2) for tick_count2
    music.o(.text.metronome) refers to music.o(.bss.amp1) for amp1
    music.o(.text.metronome) refers to music.o(.bss.amp2) for amp2
    music.o(.text.metronome) refers to music.o(.bss.SongIndex) for SongIndex
    music.o(.text.metronome) refers to music.o(.rodata.Song_ch1) for Song_ch1
    music.o(.text.metronome) refers to music.o(.bss.SongIndex2) for SongIndex2
    music.o(.text.metronome) refers to music.o(.rodata.Song_ch2) for Song_ch2
    music.o(.text.metronome) refers to music.o(.bss.I1) for I1
    music.o(.text.metronome) refers to music.o(.bss.I2) for I2
    music.o(.text.metronome) refers to music.o(.rodata.Wave) for Wave
    music.o(.text.metronome) refers to tlv5616.o(.text.DAC_Out) for DAC_Out
    music.o(.text.metronome) refers to music.o(.bss.NoteDuration) for NoteDuration
    music.o(.text.metronome) refers to music.o(.bss.NoteDuration2) for NoteDuration2
    music.o(.text.metronome) refers to music.o(.bss.tempo) for tempo
    music.o(.text.metronome) refers to systickints.o(.text.SysTick_Start) for SysTick_Start
    music.o(.text.metronome) refers to systickints.o(.text.SysTick_setPeriod) for SysTick_setPeriod
    music.o(.text.metronome) refers to systickints.o(.text.SysTick_Stop) for SysTick_Stop
    music.o(.ARM.exidx.text.metronome) refers to music.o(.text.metronome) for [Anonymous Symbol]
    music.o(.text.Pitch2_Handler) refers to music.o(.bss.I2) for I2
    music.o(.ARM.exidx.text.Pitch2_Handler) refers to music.o(.text.Pitch2_Handler) for [Anonymous Symbol]
    music.o(.text.SysTick_Handler) refers to music.o(.bss.I1) for I1
    music.o(.ARM.exidx.text.SysTick_Handler) refers to music.o(.text.SysTick_Handler) for [Anonymous Symbol]
    music.o(.text.Music_Init) refers to tlv5616.o(.text.DAC_Init) for DAC_Init
    music.o(.text.Music_Init) refers to music.o(.bss.SongIndex) for SongIndex
    music.o(.text.Music_Init) refers to music.o(.bss.tempo) for tempo
    music.o(.text.Music_Init) refers to music.o(.bss.SongIndex2) for SongIndex2
    music.o(.text.Music_Init) refers to music.o(.bss.NoteDuration) for NoteDuration
    music.o(.text.Music_Init) refers to music.o(.bss.NoteDuration2) for NoteDuration2
    music.o(.text.Music_Init) refers to systickints.o(.text.SysTick_Init) for SysTick_Init
    music.o(.text.Music_Init) refers to music.o(.rodata.Song_ch2) for Song_ch2
    music.o(.text.Music_Init) refers to music.o(.text.Pitch2_Handler) for Pitch2_Handler
    music.o(.text.Music_Init) refers to timer2a.o(.text.Timer2A_Init) for Timer2A_Init
    music.o(.text.Music_Init) refers to music.o(.bss.I1) for I1
    music.o(.text.Music_Init) refers to music.o(.bss.I2) for I2
    music.o(.text.Music_Init) refers to music.o(.text.metronome) for metronome
    music.o(.text.Music_Init) refers to timer1a.o(.text.Timer1A_Init) for Timer1A_Init
    music.o(.ARM.exidx.text.Music_Init) refers to music.o(.text.Music_Init) for [Anonymous Symbol]
    music.o(.text.Play) refers to music.o(.bss.SongIndex) for SongIndex
    music.o(.text.Play) refers to music.o(.rodata.Song_ch1) for Song_ch1
    music.o(.text.Play) refers to music.o(.bss.SongIndex2) for SongIndex2
    music.o(.text.Play) refers to music.o(.bss.tempo) for tempo
    music.o(.text.Play) refers to music.o(.rodata.Song_ch2) for Song_ch2
    music.o(.text.Play) refers to music.o(.bss.NoteDuration) for NoteDuration
    music.o(.text.Play) refers to music.o(.bss.NoteDuration2) for NoteDuration2
    music.o(.text.Play) refers to systickints.o(.text.SysTick_setPeriod) for SysTick_setPeriod
    music.o(.text.Play) refers to systickints.o(.text.SysTick_Start) for SysTick_Start
    music.o(.ARM.exidx.text.Play) refers to music.o(.text.Play) for [Anonymous Symbol]
    music.o(.text.Stop) refers to systickints.o(.text.SysTick_Stop) for SysTick_Stop
    music.o(.ARM.exidx.text.Stop) refers to music.o(.text.Stop) for [Anonymous Symbol]
    music.o(.text.Rewind) refers to music.o(.bss.amp1) for amp1
    music.o(.text.Rewind) refers to music.o(.bss.amp2) for amp2
    music.o(.text.Rewind) refers to music.o(.bss.tick_count1) for tick_count1
    music.o(.text.Rewind) refers to music.o(.bss.tick_count2) for tick_count2
    music.o(.text.Rewind) refers to systickints.o(.text.SysTick_Stop) for SysTick_Stop
    music.o(.text.Rewind) refers to music.o(.bss.SongIndex) for SongIndex
    music.o(.text.Rewind) refers to music.o(.bss.SongIndex2) for SongIndex2
    music.o(.ARM.exidx.text.Rewind) refers to music.o(.text.Rewind) for [Anonymous Symbol]
    music.o(.text.ChangeTempo) refers to music.o(.bss.tempo) for tempo
    music.o(.ARM.exidx.text.ChangeTempo) refers to music.o(.text.ChangeTempo) for [Anonymous Symbol]
    tlv5616.o(.ARM.exidx.text.DAC_Init) refers to tlv5616.o(.text.DAC_Init) for [Anonymous Symbol]
    tlv5616.o(.ARM.exidx.text.DAC_Out) refers to tlv5616.o(.text.DAC_Out) for [Anonymous Symbol]
    tlv5616.o(.ARM.exidx.text.DAC_Out_NB) refers to tlv5616.o(.text.DAC_Out_NB) for [Anonymous Symbol]
    pll.o(.ARM.exidx.text.PLL_Init) refers to pll.o(.text.PLL_Init) for [Anonymous Symbol]
    systickints.o(.text.SysTick_Init) refers to startup.o(.text) for StartCritical
    systickints.o(.ARM.exidx.text.SysTick_Init) refers to systickints.o(.text.SysTick_Init) for [Anonymous Symbol]
    systickints.o(.ARM.exidx.text.SysTick_Stop) refers to systickints.o(.text.SysTick_Stop) for [Anonymous Symbol]
    systickints.o(.ARM.exidx.text.SysTick_Start) refers to systickints.o(.text.SysTick_Start) for [Anonymous Symbol]
    systickints.o(.ARM.exidx.text.SysTick_setPeriod) refers to systickints.o(.text.SysTick_setPeriod) for [Anonymous Symbol]
    betterswitch.o(.text.PE0_Handler) refers to gpio_hal.o(.text.GPIO_ClearInterrupt) for GPIO_ClearInterrupt
    betterswitch.o(.text.PE0_Handler) refers to gpio_hal.o(.text.GPIO_DisableInterrupt) for GPIO_DisableInterrupt
    betterswitch.o(.text.PE0_Handler) refers to betterswitch.o(.bss.PE0_flag) for PE0_flag
    betterswitch.o(.text.PE0_Handler) refers to lab7.o(.bss.ticks_ms) for ticks_ms
    betterswitch.o(.text.PE0_Handler) refers to betterswitch.o(.bss.PE0_start) for PE0_start
    betterswitch.o(.ARM.exidx.text.PE0_Handler) refers to betterswitch.o(.text.PE0_Handler) for [Anonymous Symbol]
    betterswitch.o(.text.PE1_Handler) refers to gpio_hal.o(.text.GPIO_ClearInterrupt) for GPIO_ClearInterrupt
    betterswitch.o(.text.PE1_Handler) refers to gpio_hal.o(.text.GPIO_DisableInterrupt) for GPIO_DisableInterrupt
    betterswitch.o(.text.PE1_Handler) refers to betterswitch.o(.bss.PE1_flag) for PE1_flag
    betterswitch.o(.text.PE1_Handler) refers to lab7.o(.bss.ticks_ms) for ticks_ms
    betterswitch.o(.text.PE1_Handler) refers to betterswitch.o(.bss.PE1_start) for PE1_start
    betterswitch.o(.ARM.exidx.text.PE1_Handler) refers to betterswitch.o(.text.PE1_Handler) for [Anonymous Symbol]
    betterswitch.o(.text.PF4_Handler) refers to gpio_hal.o(.text.GPIO_ClearInterrupt) for GPIO_ClearInterrupt
    betterswitch.o(.text.PF4_Handler) refers to gpio_hal.o(.text.GPIO_DisableInterrupt) for GPIO_DisableInterrupt
    betterswitch.o(.text.PF4_Handler) refers to betterswitch.o(.bss.PF4_flag) for PF4_flag
    betterswitch.o(.text.PF4_Handler) refers to lab7.o(.bss.ticks_ms) for ticks_ms
    betterswitch.o(.text.PF4_Handler) refers to betterswitch.o(.bss.PF4_start) for PF4_start
    betterswitch.o(.ARM.exidx.text.PF4_Handler) refers to betterswitch.o(.text.PF4_Handler) for [Anonymous Symbol]
    betterswitch.o(.text.BetterSwitch_Init) refers to betterswitch.o(.data.PE0Config) for PE0Config
    betterswitch.o(.text.BetterSwitch_Init) refers to gpio_hal.o(.text.GPIO_Init) for GPIO_Init
    betterswitch.o(.text.BetterSwitch_Init) refers to betterswitch.o(.text.PE0_Handler) for PE0_Handler
    betterswitch.o(.text.BetterSwitch_Init) refers to gpio_hal.o(.text.GPIO_AttachISR) for GPIO_AttachISR
    betterswitch.o(.text.BetterSwitch_Init) refers to betterswitch.o(.data.PE1Config) for PE1Config
    betterswitch.o(.text.BetterSwitch_Init) refers to betterswitch.o(.text.PE1_Handler) for PE1_Handler
    betterswitch.o(.text.BetterSwitch_Init) refers to betterswitch.o(.data.PF4Config) for PF4Config
    betterswitch.o(.text.BetterSwitch_Init) refers to betterswitch.o(.text.PF4_Handler) for PF4_Handler
    betterswitch.o(.ARM.exidx.text.BetterSwitch_Init) refers to betterswitch.o(.text.BetterSwitch_Init) for [Anonymous Symbol]
    gpio_hal.o(.ARM.exidx.text.GPIO_Init) refers to gpio_hal.o(.text.GPIO_Init) for [Anonymous Symbol]
    gpio_hal.o(.ARM.exidx.text.GPIO_Write) refers to gpio_hal.o(.text.GPIO_Write) for [Anonymous Symbol]
    gpio_hal.o(.ARM.exidx.text.GPIO_Read) refers to gpio_hal.o(.text.GPIO_Read) for [Anonymous Symbol]
    gpio_hal.o(.ARM.exidx.text.GPIO_Toggle) refers to gpio_hal.o(.text.GPIO_Toggle) for [Anonymous Symbol]
    gpio_hal.o(.ARM.exidx.text.GPIO_DisableInterrupt) refers to gpio_hal.o(.text.GPIO_DisableInterrupt) for [Anonymous Symbol]
    gpio_hal.o(.ARM.exidx.text.GPIO_EnableInterrupt) refers to gpio_hal.o(.text.GPIO_EnableInterrupt) for [Anonymous Symbol]
    gpio_hal.o(.ARM.exidx.text.GPIO_ClearInterrupt) refers to gpio_hal.o(.text.GPIO_ClearInterrupt) for [Anonymous Symbol]
    gpio_hal.o(.text.GPIO_AttachISR) refers to gpio_hal.o(.data.ports) for ports
    gpio_hal.o(.ARM.exidx.text.GPIO_AttachISR) refers to gpio_hal.o(.text.GPIO_AttachISR) for [Anonymous Symbol]
    timer0a.o(.text.Timer0A_Init) refers to timer0a.o(.bss.PeriodicTask0) for PeriodicTask0
    timer0a.o(.ARM.exidx.text.Timer0A_Init) refers to timer0a.o(.text.Timer0A_Init) for [Anonymous Symbol]
    timer0a.o(.text.Timer0A_Handler) refers to timer0a.o(.bss.PeriodicTask0) for PeriodicTask0
    timer0a.o(.ARM.exidx.text.Timer0A_Handler) refers to timer0a.o(.text.Timer0A_Handler) for [Anonymous Symbol]
    timer0a.o(.ARM.exidx.text.Timer0A_Stop) refers to timer0a.o(.text.Timer0A_Stop) for [Anonymous Symbol]
    unified_port_init.o(.text.Unified_Port_Init) refers to unified_port_init.o(.text.Port_A_Init) for Port_A_Init
    unified_port_init.o(.text.Unified_Port_Init) refers to unified_port_init.o(.text.Port_B_Init) for Port_B_Init
    unified_port_init.o(.ARM.exidx.text.Unified_Port_Init) refers to unified_port_init.o(.text.Unified_Port_Init) for [Anonymous Symbol]
    unified_port_init.o(.ARM.exidx.text.Port_A_Init) refers to unified_port_init.o(.text.Port_A_Init) for [Anonymous Symbol]
    unified_port_init.o(.ARM.exidx.text.Port_B_Init) refers to unified_port_init.o(.text.Port_B_Init) for [Anonymous Symbol]
    unified_port_init.o(.ARM.exidx.text.Port_C_Init) refers to unified_port_init.o(.text.Port_C_Init) for [Anonymous Symbol]
    unified_port_init.o(.ARM.exidx.text.Port_D_Init) refers to unified_port_init.o(.text.Port_D_Init) for [Anonymous Symbol]
    unified_port_init.o(.ARM.exidx.text.Port_E_Init) refers to unified_port_init.o(.text.Port_E_Init) for [Anonymous Symbol]
    unified_port_init.o(.ARM.exidx.text.Port_F_Init) refers to unified_port_init.o(.text.Port_F_Init) for [Anonymous Symbol]
    timer1a.o(.text.Timer1A_Init) refers to timer1a.o(.bss.PeriodicTask1) for PeriodicTask1
    timer1a.o(.ARM.exidx.text.Timer1A_Init) refers to timer1a.o(.text.Timer1A_Init) for [Anonymous Symbol]
    timer1a.o(.text.Timer1A_Handler) refers to timer1a.o(.bss.PeriodicTask1) for PeriodicTask1
    timer1a.o(.ARM.exidx.text.Timer1A_Handler) refers to timer1a.o(.text.Timer1A_Handler) for [Anonymous Symbol]
    timer1a.o(.ARM.exidx.text.Timer1A_Stop) refers to timer1a.o(.text.Timer1A_Stop) for [Anonymous Symbol]
    timer2a.o(.text.Timer2A_Init) refers to timer2a.o(.bss.PeriodicTask2) for PeriodicTask2
    timer2a.o(.ARM.exidx.text.Timer2A_Init) refers to timer2a.o(.text.Timer2A_Init) for [Anonymous Symbol]
    timer2a.o(.text.Timer2A_Handler) refers to timer2a.o(.bss.PeriodicTask2) for PeriodicTask2
    timer2a.o(.ARM.exidx.text.Timer2A_Handler) refers to timer2a.o(.text.Timer2A_Handler) for [Anonymous Symbol]
    timer2a.o(.ARM.exidx.text.Timer2A_Stop) refers to timer2a.o(.text.Timer2A_Stop) for [Anonymous Symbol]
    entry.o(.ARM.Collect$$$$00000000) refers (Special) to entry10a.o(.ARM.Collect$$$$0000000D) for __rt_final_cpp
    entry.o(.ARM.Collect$$$$00000000) refers (Special) to entry11a.o(.ARM.Collect$$$$0000000F) for __rt_final_exit
    entry.o(.ARM.Collect$$$$00000000) refers (Special) to entry7b.o(.ARM.Collect$$$$00000008) for _main_clock
    entry.o(.ARM.Collect$$$$00000000) refers (Special) to entry8b.o(.ARM.Collect$$$$0000000A) for _main_cpp_init
    entry.o(.ARM.Collect$$$$00000000) refers (Special) to entry9a.o(.ARM.Collect$$$$0000000B) for _main_init
    entry.o(.ARM.Collect$$$$00000000) refers (Special) to entry5.o(.ARM.Collect$$$$00000004) for _main_scatterload
    entry.o(.ARM.Collect$$$$00000000) refers (Special) to entry2.o(.ARM.Collect$$$$00000001) for _main_stk
    entry2.o(.ARM.Collect$$$$00000001) refers to entry2.o(.ARM.Collect$$$$00002712) for __lit__00000000
    entry2.o(.ARM.Collect$$$$00002712) refers to startup.o(STACK) for __initial_sp
    entry2.o(__vectab_stack_and_reset_area) refers to startup.o(STACK) for __initial_sp
    entry2.o(__vectab_stack_and_reset_area) refers to entry.o(.ARM.Collect$$$$00000000) for __main
    entry5.o(.ARM.Collect$$$$00000004) refers to init.o(.text) for __scatterload
    entry9a.o(.ARM.Collect$$$$0000000B) refers to lab7.o(.text.main) for main
    entry9b.o(.ARM.Collect$$$$0000000C) refers to lab7.o(.text.main) for main
    init.o(.text) refers to entry5.o(.ARM.Collect$$$$00000004) for __main_after_scatterload


==============================================================================

Removing Unused input sections from the image.

    Removing startup.o(HEAP), (0 bytes).
    Removing lab7.o(.text), (0 bytes).
    Removing lab7.o(.ARM.exidx.text.switch_task), (8 bytes).
    Removing lab7.o(.ARM.exidx.text.GPIOPortE_Handler), (8 bytes).
    Removing lab7.o(.ARM.exidx.text.GPIOPortF_Handler), (8 bytes).
    Removing lab7.o(.ARM.exidx.text.main), (8 bytes).
    Removing lab7.o(.bss.rewind_flag), (1 bytes).
    Removing lab7.o(.ARM.use_no_argv), (4 bytes).
    Removing music.o(.text), (0 bytes).
    Removing music.o(.ARM.exidx.text.metronome), (8 bytes).
    Removing music.o(.ARM.exidx.text.Pitch2_Handler), (8 bytes).
    Removing music.o(.ARM.exidx.text.SysTick_Handler), (8 bytes).
    Removing music.o(.ARM.exidx.text.Music_Init), (8 bytes).
    Removing music.o(.ARM.exidx.text.Play), (8 bytes).
    Removing music.o(.ARM.exidx.text.Stop), (8 bytes).
    Removing music.o(.ARM.exidx.text.Rewind), (8 bytes).
    Removing music.o(.ARM.exidx.text.ChangeTempo), (8 bytes).
    Removing mailbox.o(.text), (0 bytes).
    Removing tlv5616.o(.text), (0 bytes).
    Removing tlv5616.o(.ARM.exidx.text.DAC_Init), (8 bytes).
    Removing tlv5616.o(.ARM.exidx.text.DAC_Out), (8 bytes).
    Removing tlv5616.o(.text.DAC_Out_NB), (12 bytes).
    Removing tlv5616.o(.ARM.exidx.text.DAC_Out_NB), (8 bytes).
    Removing pll.o(.text), (0 bytes).
    Removing pll.o(.ARM.exidx.text.PLL_Init), (8 bytes).
    Removing systickints.o(.text), (0 bytes).
    Removing systickints.o(.ARM.exidx.text.SysTick_Init), (8 bytes).
    Removing systickints.o(.ARM.exidx.text.SysTick_Stop), (8 bytes).
    Removing systickints.o(.ARM.exidx.text.SysTick_Start), (8 bytes).
    Removing systickints.o(.ARM.exidx.text.SysTick_setPeriod), (8 bytes).
    Removing betterswitch.o(.text), (0 bytes).
    Removing betterswitch.o(.ARM.exidx.text.PE0_Handler), (8 bytes).
    Removing betterswitch.o(.ARM.exidx.text.PE1_Handler), (8 bytes).
    Removing betterswitch.o(.ARM.exidx.text.PF4_Handler), (8 bytes).
    Removing betterswitch.o(.ARM.exidx.text.BetterSwitch_Init), (8 bytes).
    Removing gpio_hal.o(.text), (0 bytes).
    Removing gpio_hal.o(.ARM.exidx.text.GPIO_Init), (8 bytes).
    Removing gpio_hal.o(.text.GPIO_Write), (20 bytes).
    Removing gpio_hal.o(.ARM.exidx.text.GPIO_Write), (8 bytes).
    Removing gpio_hal.o(.ARM.exidx.text.GPIO_Read), (8 bytes).
    Removing gpio_hal.o(.text.GPIO_Toggle), (20 bytes).
    Removing gpio_hal.o(.ARM.exidx.text.GPIO_Toggle), (8 bytes).
    Removing gpio_hal.o(.ARM.exidx.text.GPIO_DisableInterrupt), (8 bytes).
    Removing gpio_hal.o(.ARM.exidx.text.GPIO_EnableInterrupt), (8 bytes).
    Removing gpio_hal.o(.ARM.exidx.text.GPIO_ClearInterrupt), (8 bytes).
    Removing gpio_hal.o(.ARM.exidx.text.GPIO_AttachISR), (8 bytes).
    Removing timer0a.o(.text), (0 bytes).
    Removing timer0a.o(.ARM.exidx.text.Timer0A_Init), (8 bytes).
    Removing timer0a.o(.ARM.exidx.text.Timer0A_Handler), (8 bytes).
    Removing timer0a.o(.text.Timer0A_Stop), (26 bytes).
    Removing timer0a.o(.ARM.exidx.text.Timer0A_Stop), (8 bytes).
    Removing unified_port_init.o(.text), (0 bytes).
    Removing unified_port_init.o(.text.Unified_Port_Init), (526 bytes).
    Removing unified_port_init.o(.ARM.exidx.text.Unified_Port_Init), (8 bytes).
    Removing unified_port_init.o(.text.Port_A_Init), (246 bytes).
    Removing unified_port_init.o(.ARM.exidx.text.Port_A_Init), (8 bytes).
    Removing unified_port_init.o(.text.Port_B_Init), (314 bytes).
    Removing unified_port_init.o(.ARM.exidx.text.Port_B_Init), (8 bytes).
    Removing unified_port_init.o(.text.Port_C_Init), (90 bytes).
    Removing unified_port_init.o(.ARM.exidx.text.Port_C_Init), (8 bytes).
    Removing unified_port_init.o(.text.Port_D_Init), (200 bytes).
    Removing unified_port_init.o(.ARM.exidx.text.Port_D_Init), (8 bytes).
    Removing unified_port_init.o(.text.Port_E_Init), (182 bytes).
    Removing unified_port_init.o(.ARM.exidx.text.Port_E_Init), (8 bytes).
    Removing unified_port_init.o(.text.Port_F_Init), (78 bytes).
    Removing unified_port_init.o(.ARM.exidx.text.Port_F_Init), (8 bytes).
    Removing timer1a.o(.text), (0 bytes).
    Removing timer1a.o(.ARM.exidx.text.Timer1A_Init), (8 bytes).
    Removing timer1a.o(.ARM.exidx.text.Timer1A_Handler), (8 bytes).
    Removing timer1a.o(.text.Timer1A_Stop), (28 bytes).
    Removing timer1a.o(.ARM.exidx.text.Timer1A_Stop), (8 bytes).
    Removing timer2a.o(.text), (0 bytes).
    Removing timer2a.o(.ARM.exidx.text.Timer2A_Init), (8 bytes).
    Removing timer2a.o(.ARM.exidx.text.Timer2A_Handler), (8 bytes).
    Removing timer2a.o(.text.Timer2A_Stop), (28 bytes).
    Removing timer2a.o(.ARM.exidx.text.Timer2A_Stop), (8 bytes).

76 unused section(s) (total 2159 bytes) removed from the image.

==============================================================================

Image Symbol Table

    Local Symbols

    Symbol Name                              Value     Ov Type        Size  Object(Section)

    ../clib/microlib/init/entry.s            0x00000000   Number         0  entry.o ABSOLUTE
    ../clib/microlib/init/entry.s            0x00000000   Number         0  entry2.o ABSOLUTE
    ../clib/microlib/init/entry.s            0x00000000   Number         0  entry5.o ABSOLUTE
    ../clib/microlib/init/entry.s            0x00000000   Number         0  entry7a.o ABSOLUTE
    ../clib/microlib/init/entry.s            0x00000000   Number         0  entry7b.o ABSOLUTE
    ../clib/microlib/init/entry.s            0x00000000   Number         0  entry8a.o ABSOLUTE
    ../clib/microlib/init/entry.s            0x00000000   Number         0  entry8b.o ABSOLUTE
    ../clib/microlib/init/entry.s            0x00000000   Number         0  entry9a.o ABSOLUTE
    ../clib/microlib/init/entry.s            0x00000000   Number         0  entry9b.o ABSOLUTE
    ../clib/microlib/init/entry.s            0x00000000   Number         0  entry10a.o ABSOLUTE
    ../clib/microlib/init/entry.s            0x00000000   Number         0  entry10b.o ABSOLUTE
    ../clib/microlib/init/entry.s            0x00000000   Number         0  entry11a.o ABSOLUTE
    ../clib/microlib/init/entry.s            0x00000000   Number         0  entry11b.o ABSOLUTE
    BetterSwitch.c                           0x00000000   Number         0  betterswitch.o ABSOLUTE
    GPIO_HAL.c                               0x00000000   Number         0  gpio_hal.o ABSOLUTE
    Lab7.c                                   0x00000000   Number         0  lab7.o ABSOLUTE
    PLL.c                                    0x00000000   Number         0  pll.o ABSOLUTE
    SysTickInts.c                            0x00000000   Number         0  systickints.o ABSOLUTE
    TLV5616.c                                0x00000000   Number         0  tlv5616.o ABSOLUTE
    Timer0A.c                                0x00000000   Number         0  timer0a.o ABSOLUTE
    Timer1A.c                                0x00000000   Number         0  timer1a.o ABSOLUTE
    Timer2A.c                                0x00000000   Number         0  timer2a.o ABSOLUTE
    Unified_Port_Init.c                      0x00000000   Number         0  unified_port_init.o ABSOLUTE
    dc.s                                     0x00000000   Number         0  dc.o ABSOLUTE
    handlers.s                               0x00000000   Number         0  handlers.o ABSOLUTE
    init.s                                   0x00000000   Number         0  init.o ABSOLUTE
    mailbox.c                                0x00000000   Number         0  mailbox.o ABSOLUTE
    music.c                                  0x00000000   Number         0  music.o ABSOLUTE
    startup.s                                0x00000000   Number         0  startup.o ABSOLUTE
    RESET                                    0x00000000   Section      644  startup.o(RESET)
    $v0                                      0x0000026c   Number         0  startup.o(RESET)
    .ARM.Collect$$$$00000000                 0x00000284   Section        0  entry.o(.ARM.Collect$$$$00000000)
    .ARM.Collect$$$$00000001                 0x00000284   Section        4  entry2.o(.ARM.Collect$$$$00000001)
    .ARM.Collect$$$$00000004                 0x00000288   Section        4  entry5.o(.ARM.Collect$$$$00000004)
    .ARM.Collect$$$$00000008                 0x0000028c   Section        0  entry7b.o(.ARM.Collect$$$$00000008)
    .ARM.Collect$$$$0000000A                 0x0000028c   Section        0  entry8b.o(.ARM.Collect$$$$0000000A)
    .ARM.Collect$$$$0000000B                 0x0000028c   Section        8  entry9a.o(.ARM.Collect$$$$0000000B)
    __lit__00000000                          0x00000294   Data           4  entry2.o(.ARM.Collect$$$$00002712)
    .ARM.Collect$$$$0000000D                 0x00000294   Section        0  entry10a.o(.ARM.Collect$$$$0000000D)
    .ARM.Collect$$$$0000000F                 0x00000294   Section        0  entry11a.o(.ARM.Collect$$$$0000000F)
    .ARM.Collect$$$$00002712                 0x00000294   Section        4  entry2.o(.ARM.Collect$$$$00002712)
    $v0                                      0x00000298   Number         0  startup.o(.text)
    .text                                    0x00000298   Section       28  startup.o(.text)
    .text                                    0x000002b4   Section       48  init.o(.text)
    [Anonymous Symbol]                       0x000002e4   Section        0  betterswitch.o(.text.BetterSwitch_Init)
    [Anonymous Symbol]                       0x00000340   Section        0  music.o(.text.ChangeTempo)
    [Anonymous Symbol]                       0x00000354   Section        0  tlv5616.o(.text.DAC_Init)
    [Anonymous Symbol]                       0x00000408   Section        0  tlv5616.o(.text.DAC_Out)
    [Anonymous Symbol]                       0x0000041c   Section        0  lab7.o(.text.GPIOPortE_Handler)
    [Anonymous Symbol]                       0x00000464   Section        0  lab7.o(.text.GPIOPortF_Handler)
    [Anonymous Symbol]                       0x000004ac   Section        0  gpio_hal.o(.text.GPIO_AttachISR)
    [Anonymous Symbol]                       0x0000058c   Section        0  gpio_hal.o(.text.GPIO_ClearInterrupt)
    [Anonymous Symbol]                       0x00000598   Section        0  gpio_hal.o(.text.GPIO_DisableInterrupt)
    [Anonymous Symbol]                       0x000005ac   Section        0  gpio_hal.o(.text.GPIO_EnableInterrupt)
    [Anonymous Symbol]                       0x000005c0   Section        0  gpio_hal.o(.text.GPIO_Init)
    [Anonymous Symbol]                       0x000007f0   Section        0  gpio_hal.o(.text.GPIO_Read)
    [Anonymous Symbol]                       0x00000800   Section        0  music.o(.text.Music_Init)
    [Anonymous Symbol]                       0x000008a8   Section        0  betterswitch.o(.text.PE0_Handler)
    [Anonymous Symbol]                       0x000008e4   Section        0  betterswitch.o(.text.PE1_Handler)
    [Anonymous Symbol]                       0x00000920   Section        0  betterswitch.o(.text.PF4_Handler)
    [Anonymous Symbol]                       0x0000095c   Section        0  pll.o(.text.PLL_Init)
    [Anonymous Symbol]                       0x000009c8   Section        0  music.o(.text.Pitch2_Handler)
    [Anonymous Symbol]                       0x000009dc   Section        0  music.o(.text.Play)
    [Anonymous Symbol]                       0x00000a78   Section        0  music.o(.text.Rewind)
    [Anonymous Symbol]                       0x00000ae4   Section        0  music.o(.text.Stop)
    [Anonymous Symbol]                       0x00000b10   Section        0  music.o(.text.SysTick_Handler)
    [Anonymous Symbol]                       0x00000b24   Section        0  systickints.o(.text.SysTick_Init)
    [Anonymous Symbol]                       0x00000b58   Section        0  systickints.o(.text.SysTick_Start)
    [Anonymous Symbol]                       0x00000b68   Section        0  systickints.o(.text.SysTick_Stop)
    [Anonymous Symbol]                       0x00000b78   Section        0  systickints.o(.text.SysTick_setPeriod)
    [Anonymous Symbol]                       0x00000b88   Section        0  timer0a.o(.text.Timer0A_Handler)
    [Anonymous Symbol]                       0x00000ba0   Section        0  timer0a.o(.text.Timer0A_Init)
    [Anonymous Symbol]                       0x00000c1c   Section        0  timer1a.o(.text.Timer1A_Handler)
    [Anonymous Symbol]                       0x00000c34   Section        0  timer1a.o(.text.Timer1A_Init)
    [Anonymous Symbol]                       0x00000ca8   Section        0  timer2a.o(.text.Timer2A_Handler)
    [Anonymous Symbol]                       0x00000cc0   Section        0  timer2a.o(.text.Timer2A_Init)
    [Anonymous Symbol]                       0x00000d34   Section        0  lab7.o(.text.main)
    [Anonymous Symbol]                       0x00000e6c   Section        0  music.o(.text.metronome)
    [Anonymous Symbol]                       0x000010b8   Section        0  lab7.o(.text.switch_task)
    i.__scatterload_copy                     0x0000118c   Section       14  handlers.o(i.__scatterload_copy)
    i.__scatterload_null                     0x0000119a   Section        2  handlers.o(i.__scatterload_null)
    i.__scatterload_zeroinit                 0x0000119c   Section       14  handlers.o(i.__scatterload_zeroinit)
    NoteDuration                             0x20000120   Data           4  music.o(.bss.NoteDuration)
    [Anonymous Symbol]                       0x20000120   Section        0  music.o(.bss.NoteDuration)
    NoteDuration2                            0x20000124   Data           4  music.o(.bss.NoteDuration2)
    [Anonymous Symbol]                       0x20000124   Section        0  music.o(.bss.NoteDuration2)
    SongIndex                                0x2000014c   Data           4  music.o(.bss.SongIndex)
    [Anonymous Symbol]                       0x2000014c   Section        0  music.o(.bss.SongIndex)
    SongIndex2                               0x20000150   Data           4  music.o(.bss.SongIndex2)
    [Anonymous Symbol]                       0x20000150   Section        0  music.o(.bss.SongIndex2)
    tempo                                    0x20000164   Data           1  music.o(.bss.tempo)
    [Anonymous Symbol]                       0x20000164   Section        0  music.o(.bss.tempo)
    StackMem                                 0x20000178   Data           0  startup.o(STACK)
    STACK                                    0x20000178   Section     1024  startup.o(STACK)

    Global Symbols

    Symbol Name                              Value     Ov Type        Size  Object(Section)

    BuildAttributes$$THM_ISAv4$E$P$D$K$B$S$7EM$VFPi3$EXTD16$VFPS$VFMA$PE$A:L22UL41UL21$X:L11$S22US41US21$IEEE1$IW$~IW$USESV6$~STKCKD$USESV7$~SHL$OTIME$EBA8$MICROLIB$REQ8$PRES8$EABIv2 0x00000000   Number         0  anon$$obj.o ABSOLUTE
    __Vectors                                0x00000000   Data           0  startup.o(RESET)
    __cpp_initialize__aeabi_                  - Undefined Weak Reference
    __cxa_finalize                            - Undefined Weak Reference
    __decompress                              - Undefined Weak Reference
    _clock_init                               - Undefined Weak Reference
    _microlib_exit                            - Undefined Weak Reference
    Reset_Handler                            0x0000026d   Thumb Code     0  startup.o(RESET)
    NMI_Handler                              0x00000271   Thumb Code     2  startup.o(RESET)
    HardFault_Handler                        0x00000273   Thumb Code     2  startup.o(RESET)
    MemManage_Handler                        0x00000275   Thumb Code     2  startup.o(RESET)
    BusFault_Handler                         0x00000277   Thumb Code     2  startup.o(RESET)
    UsageFault_Handler                       0x00000279   Thumb Code     2  startup.o(RESET)
    SVC_Handler                              0x0000027b   Thumb Code     2  startup.o(RESET)
    DebugMon_Handler                         0x0000027d   Thumb Code     2  startup.o(RESET)
    PendSV_Handler                           0x0000027f   Thumb Code     2  startup.o(RESET)
    ADC0Seq0_Handler                         0x00000283   Thumb Code     0  startup.o(RESET)
    ADC0Seq1_Handler                         0x00000283   Thumb Code     0  startup.o(RESET)
    ADC0Seq2_Handler                         0x00000283   Thumb Code     0  startup.o(RESET)
    ADC0Seq3_Handler                         0x00000283   Thumb Code     0  startup.o(RESET)
    ADC1Seq0_Handler                         0x00000283   Thumb Code     0  startup.o(RESET)
    ADC1Seq1_Handler                         0x00000283   Thumb Code     0  startup.o(RESET)
    ADC1Seq2_Handler                         0x00000283   Thumb Code     0  startup.o(RESET)
    ADC1Seq3_Handler                         0x00000283   Thumb Code     0  startup.o(RESET)
    CAN0_Handler                             0x00000283   Thumb Code     0  startup.o(RESET)
    CAN1_Handler                             0x00000283   Thumb Code     0  startup.o(RESET)
    CAN2_Handler                             0x00000283   Thumb Code     0  startup.o(RESET)
    Comp0_Handler                            0x00000283   Thumb Code     0  startup.o(RESET)
    Comp1_Handler                            0x00000283   Thumb Code     0  startup.o(RESET)
    Comp2_Handler                            0x00000283   Thumb Code     0  startup.o(RESET)
    Ethernet_Handler                         0x00000283   Thumb Code     0  startup.o(RESET)
    ExtBus_Handler                           0x00000283   Thumb Code     0  startup.o(RESET)
    FPU_Handler                              0x00000283   Thumb Code     0  startup.o(RESET)
    Fan0_Handler                             0x00000283   Thumb Code     0  startup.o(RESET)
    FlashCtl_Handler                         0x00000283   Thumb Code     0  startup.o(RESET)
    GPIOPortA_Handler                        0x00000283   Thumb Code     0  startup.o(RESET)
    GPIOPortB_Handler                        0x00000283   Thumb Code     0  startup.o(RESET)
    GPIOPortC_Handler                        0x00000283   Thumb Code     0  startup.o(RESET)
    GPIOPortD_Handler                        0x00000283   Thumb Code     0  startup.o(RESET)
    GPIOPortG_Handler                        0x00000283   Thumb Code     0  startup.o(RESET)
    GPIOPortH_Handler                        0x00000283   Thumb Code     0  startup.o(RESET)
    GPIOPortJ_Handler                        0x00000283   Thumb Code     0  startup.o(RESET)
    GPIOPortK_Handler                        0x00000283   Thumb Code     0  startup.o(RESET)
    GPIOPortL_Handler                        0x00000283   Thumb Code     0  startup.o(RESET)
    GPIOPortM_Handler                        0x00000283   Thumb Code     0  startup.o(RESET)
    GPIOPortN_Handler                        0x00000283   Thumb Code     0  startup.o(RESET)
    GPIOPortP1_Handler                       0x00000283   Thumb Code     0  startup.o(RESET)
    GPIOPortP2_Handler                       0x00000283   Thumb Code     0  startup.o(RESET)
    GPIOPortP3_Handler                       0x00000283   Thumb Code     0  startup.o(RESET)
    GPIOPortP4_Handler                       0x00000283   Thumb Code     0  startup.o(RESET)
    GPIOPortP5_Handler                       0x00000283   Thumb Code     0  startup.o(RESET)
    GPIOPortP6_Handler                       0x00000283   Thumb Code     0  startup.o(RESET)
    GPIOPortP7_Handler                       0x00000283   Thumb Code     0  startup.o(RESET)
    GPIOPortP_Handler                        0x00000283   Thumb Code     0  startup.o(RESET)
    GPIOPortQ1_Handler                       0x00000283   Thumb Code     0  startup.o(RESET)
    GPIOPortQ2_Handler                       0x00000283   Thumb Code     0  startup.o(RESET)
    GPIOPortQ3_Handler                       0x00000283   Thumb Code     0  startup.o(RESET)
    GPIOPortQ4_Handler                       0x00000283   Thumb Code     0  startup.o(RESET)
    GPIOPortQ5_Handler                       0x00000283   Thumb Code     0  startup.o(RESET)
    GPIOPortQ6_Handler                       0x00000283   Thumb Code     0  startup.o(RESET)
    GPIOPortQ7_Handler                       0x00000283   Thumb Code     0  startup.o(RESET)
    GPIOPortQ_Handler                        0x00000283   Thumb Code     0  startup.o(RESET)
    GPIOPortR_Handler                        0x00000283   Thumb Code     0  startup.o(RESET)
    GPIOPortS_Handler                        0x00000283   Thumb Code     0  startup.o(RESET)
    Hibernate_Handler                        0x00000283   Thumb Code     0  startup.o(RESET)
    I2C0_Handler                             0x00000283   Thumb Code     0  startup.o(RESET)
    I2C1_Handler                             0x00000283   Thumb Code     0  startup.o(RESET)
    I2C2_Handler                             0x00000283   Thumb Code     0  startup.o(RESET)
    I2C3_Handler                             0x00000283   Thumb Code     0  startup.o(RESET)
    I2C4_Handler                             0x00000283   Thumb Code     0  startup.o(RESET)
    I2C5_Handler                             0x00000283   Thumb Code     0  startup.o(RESET)
    I2S0_Handler                             0x00000283   Thumb Code     0  startup.o(RESET)
    LPC0_Handler                             0x00000283   Thumb Code     0  startup.o(RESET)
    PECI0_Handler                            0x00000283   Thumb Code     0  startup.o(RESET)
    PWM0Fault_Handler                        0x00000283   Thumb Code     0  startup.o(RESET)
    PWM0Generator0_Handler                   0x00000283   Thumb Code     0  startup.o(RESET)
    PWM0Generator1_Handler                   0x00000283   Thumb Code     0  startup.o(RESET)
    PWM0Generator2_Handler                   0x00000283   Thumb Code     0  startup.o(RESET)
    PWM0Generator3_Handler                   0x00000283   Thumb Code     0  startup.o(RESET)
    PWM1Fault_Handler                        0x00000283   Thumb Code     0  startup.o(RESET)
    PWM1Generator0_Handler                   0x00000283   Thumb Code     0  startup.o(RESET)
    PWM1Generator1_Handler                   0x00000283   Thumb Code     0  startup.o(RESET)
    PWM1Generator2_Handler                   0x00000283   Thumb Code     0  startup.o(RESET)
    PWM1Generator3_Handler                   0x00000283   Thumb Code     0  startup.o(RESET)
    Quadrature0_Handler                      0x00000283   Thumb Code     0  startup.o(RESET)
    Quadrature1_Handler                      0x00000283   Thumb Code     0  startup.o(RESET)
    Quadrature2_Handler                      0x00000283   Thumb Code     0  startup.o(RESET)
    SSI0_Handler                             0x00000283   Thumb Code     0  startup.o(RESET)
    SSI1_Handler                             0x00000283   Thumb Code     0  startup.o(RESET)
    SSI2_Handler                             0x00000283   Thumb Code     0  startup.o(RESET)
    SSI3_Handler                             0x00000283   Thumb Code     0  startup.o(RESET)
    SysCtl_Handler                           0x00000283   Thumb Code     0  startup.o(RESET)
    Timer0B_Handler                          0x00000283   Thumb Code     0  startup.o(RESET)
    Timer1B_Handler                          0x00000283   Thumb Code     0  startup.o(RESET)
    Timer2B_Handler                          0x00000283   Thumb Code     0  startup.o(RESET)
    Timer3A_Handler                          0x00000283   Thumb Code     0  startup.o(RESET)
    Timer3B_Handler                          0x00000283   Thumb Code     0  startup.o(RESET)
    Timer4A_Handler                          0x00000283   Thumb Code     0  startup.o(RESET)
    Timer4B_Handler                          0x00000283   Thumb Code     0  startup.o(RESET)
    Timer5A_Handler                          0x00000283   Thumb Code     0  startup.o(RESET)
    Timer5B_Handler                          0x00000283   Thumb Code     0  startup.o(RESET)
    UART0_Handler                            0x00000283   Thumb Code     0  startup.o(RESET)
    UART1_Handler                            0x00000283   Thumb Code     0  startup.o(RESET)
    UART2_Handler                            0x00000283   Thumb Code     0  startup.o(RESET)
    UART3_Handler                            0x00000283   Thumb Code     0  startup.o(RESET)
    UART4_Handler                            0x00000283   Thumb Code     0  startup.o(RESET)
    UART5_Handler                            0x00000283   Thumb Code     0  startup.o(RESET)
    UART6_Handler                            0x00000283   Thumb Code     0  startup.o(RESET)
    UART7_Handler                            0x00000283   Thumb Code     0  startup.o(RESET)
    USB0_Handler                             0x00000283   Thumb Code     0  startup.o(RESET)
    WDT_Handler                              0x00000283   Thumb Code     0  startup.o(RESET)
    WideTimer0A_Handler                      0x00000283   Thumb Code     0  startup.o(RESET)
    WideTimer0B_Handler                      0x00000283   Thumb Code     0  startup.o(RESET)
    WideTimer1A_Handler                      0x00000283   Thumb Code     0  startup.o(RESET)
    WideTimer1B_Handler                      0x00000283   Thumb Code     0  startup.o(RESET)
    WideTimer2A_Handler                      0x00000283   Thumb Code     0  startup.o(RESET)
    WideTimer2B_Handler                      0x00000283   Thumb Code     0  startup.o(RESET)
    WideTimer3A_Handler                      0x00000283   Thumb Code     0  startup.o(RESET)
    WideTimer3B_Handler                      0x00000283   Thumb Code     0  startup.o(RESET)
    WideTimer4A_Handler                      0x00000283   Thumb Code     0  startup.o(RESET)
    WideTimer4B_Handler                      0x00000283   Thumb Code     0  startup.o(RESET)
    WideTimer5A_Handler                      0x00000283   Thumb Code     0  startup.o(RESET)
    WideTimer5B_Handler                      0x00000283   Thumb Code     0  startup.o(RESET)
    uDMA_Error                               0x00000283   Thumb Code     0  startup.o(RESET)
    uDMA_Handler                             0x00000283   Thumb Code     0  startup.o(RESET)
    __main                                   0x00000285   Thumb Code     0  entry.o(.ARM.Collect$$$$00000000)
    _main_stk                                0x00000285   Thumb Code     0  entry2.o(.ARM.Collect$$$$00000001)
    _main_scatterload                        0x00000289   Thumb Code     0  entry5.o(.ARM.Collect$$$$00000004)
    __main_after_scatterload                 0x0000028d   Thumb Code     0  entry5.o(.ARM.Collect$$$$00000004)
    _main_clock                              0x0000028d   Thumb Code     0  entry7b.o(.ARM.Collect$$$$00000008)
    _main_cpp_init                           0x0000028d   Thumb Code     0  entry8b.o(.ARM.Collect$$$$0000000A)
    _main_init                               0x0000028d   Thumb Code     0  entry9a.o(.ARM.Collect$$$$0000000B)
    __rt_final_cpp                           0x00000295   Thumb Code     0  entry10a.o(.ARM.Collect$$$$0000000D)
    __rt_final_exit                          0x00000295   Thumb Code     0  entry11a.o(.ARM.Collect$$$$0000000F)
    DisableInterrupts                        0x00000299   Thumb Code     0  startup.o(.text)
    EnableInterrupts                         0x0000029d   Thumb Code     0  startup.o(.text)
    StartCritical                            0x000002a1   Thumb Code     0  startup.o(.text)
    EndCritical                              0x000002a9   Thumb Code     0  startup.o(.text)
    WaitForInterrupt                         0x000002af   Thumb Code     0  startup.o(.text)
    __scatterload                            0x000002b5   Thumb Code    38  init.o(.text)
    __scatterload_rt2                        0x000002b5   Thumb Code     0  init.o(.text)
    BetterSwitch_Init                        0x000002e5   Thumb Code    90  betterswitch.o(.text.BetterSwitch_Init)
    ChangeTempo                              0x00000341   Thumb Code    20  music.o(.text.ChangeTempo)
    DAC_Init                                 0x00000355   Thumb Code   178  tlv5616.o(.text.DAC_Init)
    DAC_Out                                  0x00000409   Thumb Code    18  tlv5616.o(.text.DAC_Out)
    GPIOPortE_Handler                        0x0000041d   Thumb Code    70  lab7.o(.text.GPIOPortE_Handler)
    GPIOPortF_Handler                        0x00000465   Thumb Code    70  lab7.o(.text.GPIOPortF_Handler)
    GPIO_AttachISR                           0x000004ad   Thumb Code   200  gpio_hal.o(.text.GPIO_AttachISR)
    GPIO_ClearInterrupt                      0x0000058d   Thumb Code    12  gpio_hal.o(.text.GPIO_ClearInterrupt)
    GPIO_DisableInterrupt                    0x00000599   Thumb Code    20  gpio_hal.o(.text.GPIO_DisableInterrupt)
    GPIO_EnableInterrupt                     0x000005ad   Thumb Code    18  gpio_hal.o(.text.GPIO_EnableInterrupt)
    GPIO_Init                                0x000005c1   Thumb Code   558  gpio_hal.o(.text.GPIO_Init)
    GPIO_Read                                0x000007f1   Thumb Code    14  gpio_hal.o(.text.GPIO_Read)
    Music_Init                               0x00000801   Thumb Code   168  music.o(.text.Music_Init)
    PE0_Handler                              0x000008a9   Thumb Code    60  betterswitch.o(.text.PE0_Handler)
    PE1_Handler                              0x000008e5   Thumb Code    60  betterswitch.o(.text.PE1_Handler)
    PF4_Handler                              0x00000921   Thumb Code    60  betterswitch.o(.text.PF4_Handler)
    PLL_Init                                 0x0000095d   Thumb Code   106  pll.o(.text.PLL_Init)
    Pitch2_Handler                           0x000009c9   Thumb Code    20  music.o(.text.Pitch2_Handler)
    Play                                     0x000009dd   Thumb Code   156  music.o(.text.Play)
    Rewind                                   0x00000a79   Thumb Code   108  music.o(.text.Rewind)
    Stop                                     0x00000ae5   Thumb Code    44  music.o(.text.Stop)
    SysTick_Handler                          0x00000b11   Thumb Code    20  music.o(.text.SysTick_Handler)
    SysTick_Init                             0x00000b25   Thumb Code    50  systickints.o(.text.SysTick_Init)
    SysTick_Start                            0x00000b59   Thumb Code    14  systickints.o(.text.SysTick_Start)
    SysTick_Stop                             0x00000b69   Thumb Code    14  systickints.o(.text.SysTick_Stop)
    SysTick_setPeriod                        0x00000b79   Thumb Code    14  systickints.o(.text.SysTick_setPeriod)
    Timer0A_Handler                          0x00000b89   Thumb Code    22  timer0a.o(.text.Timer0A_Handler)
    Timer0A_Init                             0x00000ba1   Thumb Code   122  timer0a.o(.text.Timer0A_Init)
    Timer1A_Handler                          0x00000c1d   Thumb Code    24  timer1a.o(.text.Timer1A_Handler)
    Timer1A_Init                             0x00000c35   Thumb Code   116  timer1a.o(.text.Timer1A_Init)
    Timer2A_Handler                          0x00000ca9   Thumb Code    24  timer2a.o(.text.Timer2A_Handler)
    Timer2A_Init                             0x00000cc1   Thumb Code   116  timer2a.o(.text.Timer2A_Init)
    main                                     0x00000d35   Thumb Code   310  lab7.o(.text.main)
    metronome                                0x00000e6d   Thumb Code   586  music.o(.text.metronome)
    switch_task                              0x000010b9   Thumb Code   212  lab7.o(.text.switch_task)
    __scatterload_copy                       0x0000118d   Thumb Code    14  handlers.o(i.__scatterload_copy)
    __scatterload_null                       0x0000119b   Thumb Code     2  handlers.o(i.__scatterload_null)
    __scatterload_zeroinit                   0x0000119d   Thumb Code    14  handlers.o(i.__scatterload_zeroinit)
    Song_ch1                                 0x000011ac   Data       13016  music.o(.rodata.Song_ch1)
    Song_ch2                                 0x00004484   Data        9328  music.o(.rodata.Song_ch2)
    Wave                                     0x000068f4   Data         128  music.o(.rodata.Wave)
    Region$$Table$$Base                      0x00006974   Number         0  anon$$obj.o(Region$$Table)
    Region$$Table$$Limit                     0x00006994   Number         0  anon$$obj.o(Region$$Table)
    PE0Config                                0x20000000   Data          12  betterswitch.o(.data.PE0Config)
    PE1Config                                0x2000000c   Data          12  betterswitch.o(.data.PE1Config)
    PF4Config                                0x20000018   Data          12  betterswitch.o(.data.PF4Config)
    ports                                    0x20000024   Data         240  gpio_hal.o(.data.ports)
    I1                                       0x20000118   Data           4  music.o(.bss.I1)
    I2                                       0x2000011c   Data           4  music.o(.bss.I2)
    PE0_flag                                 0x20000128   Data           1  betterswitch.o(.bss.PE0_flag)
    PE0_pressed                              0x20000129   Data           1  lab7.o(.bss.PE0_pressed)
    PE0_read_pending                         0x2000012a   Data           1  lab7.o(.bss.PE0_read_pending)
    PE0_start                                0x2000012c   Data           4  betterswitch.o(.bss.PE0_start)
    PE1_flag                                 0x20000130   Data           1  betterswitch.o(.bss.PE1_flag)
    PE1_pressed                              0x20000131   Data           1  lab7.o(.bss.PE1_pressed)
    PE1_read_pending                         0x20000132   Data           1  lab7.o(.bss.PE1_read_pending)
    PE1_start                                0x20000134   Data           4  betterswitch.o(.bss.PE1_start)
    PF4_flag                                 0x20000138   Data           1  betterswitch.o(.bss.PF4_flag)
    PF4_pressed                              0x20000139   Data           1  lab7.o(.bss.PF4_pressed)
    PF4_read_pending                         0x2000013a   Data           1  lab7.o(.bss.PF4_read_pending)
    PF4_start                                0x2000013c   Data           4  betterswitch.o(.bss.PF4_start)
    PeriodicTask0                            0x20000140   Data           4  timer0a.o(.bss.PeriodicTask0)
    PeriodicTask1                            0x20000144   Data           4  timer1a.o(.bss.PeriodicTask1)
    PeriodicTask2                            0x20000148   Data           4  timer2a.o(.bss.PeriodicTask2)
    amp1                                     0x20000154   Data           4  music.o(.bss.amp1)
    amp2                                     0x20000158   Data           4  music.o(.bss.amp2)
    b_count                                  0x2000015c   Data           4  lab7.o(.bss.b_count)
    play_flag                                0x20000160   Data           1  lab7.o(.bss.play_flag)
    tick_count1                              0x20000168   Data           4  music.o(.bss.tick_count1)
    tick_count2                              0x2000016c   Data           4  music.o(.bss.tick_count2)
    ticks_ms                                 0x20000170   Data           4  lab7.o(.bss.ticks_ms)
    __initial_sp                             0x20000578   Data           0  startup.o(STACK)



==============================================================================

Memory Map of the image

  Image Entry point : 0x0000026d

  Load Region LR_1 (Base: 0x00000000, Size: 0x00006aa8, Max: 0xffffffff, ABSOLUTE)

    Execution Region ER_RO (Exec base: 0x00000000, Load base: 0x00000000, Size: 0x00006994, Max: 0xffffffff, ABSOLUTE)

    Exec Addr    Load Addr    Size         Type   Attr      Idx    E Section Name        Object

    0x00000000   0x00000000   0x00000284   Code   RO            3  * RESET               startup.o
    0x00000284   0x00000284   0x00000000   Code   RO          231  * .ARM.Collect$$$$00000000  mc_w.l(entry.o)
    0x00000284   0x00000284   0x00000004   Code   RO          234    .ARM.Collect$$$$00000001  mc_w.l(entry2.o)
    0x00000288   0x00000288   0x00000004   Code   RO          237    .ARM.Collect$$$$00000004  mc_w.l(entry5.o)
    0x0000028c   0x0000028c   0x00000000   Code   RO          239    .ARM.Collect$$$$00000008  mc_w.l(entry7b.o)
    0x0000028c   0x0000028c   0x00000000   Code   RO          241    .ARM.Collect$$$$0000000A  mc_w.l(entry8b.o)
    0x0000028c   0x0000028c   0x00000008   Code   RO          242    .ARM.Collect$$$$0000000B  mc_w.l(entry9a.o)
    0x00000294   0x00000294   0x00000000   Code   RO          244    .ARM.Collect$$$$0000000D  mc_w.l(entry10a.o)
    0x00000294   0x00000294   0x00000000   Code   RO          246    .ARM.Collect$$$$0000000F  mc_w.l(entry11a.o)
    0x00000294   0x00000294   0x00000004   Code   RO          235    .ARM.Collect$$$$00002712  mc_w.l(entry2.o)
    0x00000298   0x00000298   0x0000001c   Code   RO            4    .text               startup.o
    0x000002b4   0x000002b4   0x00000030   Code   RO          248    .text               mc_w.l(init.o)
    0x000002e4   0x000002e4   0x0000005a   Code   RO          123    .text.BetterSwitch_Init  betterswitch.o
    0x0000033e   0x0000033e   0x00000002   PAD
    0x00000340   0x00000340   0x00000014   Code   RO           54    .text.ChangeTempo   music.o
    0x00000354   0x00000354   0x000000b2   Code   RO           78    .text.DAC_Init      tlv5616.o
    0x00000406   0x00000406   0x00000002   PAD
    0x00000408   0x00000408   0x00000012   Code   RO           80    .text.DAC_Out       tlv5616.o
    0x0000041a   0x0000041a   0x00000002   PAD
    0x0000041c   0x0000041c   0x00000046   Code   RO           15    .text.GPIOPortE_Handler  lab7.o
    0x00000462   0x00000462   0x00000002   PAD
    0x00000464   0x00000464   0x00000046   Code   RO           17    .text.GPIOPortF_Handler  lab7.o
    0x000004aa   0x000004aa   0x00000002   PAD
    0x000004ac   0x000004ac   0x000000e0   Code   RO          155    .text.GPIO_AttachISR  gpio_hal.o
    0x0000058c   0x0000058c   0x0000000c   Code   RO          153    .text.GPIO_ClearInterrupt  gpio_hal.o
    0x00000598   0x00000598   0x00000014   Code   RO          149    .text.GPIO_DisableInterrupt  gpio_hal.o
    0x000005ac   0x000005ac   0x00000012   Code   RO          151    .text.GPIO_EnableInterrupt  gpio_hal.o
    0x000005be   0x000005be   0x00000002   PAD
    0x000005c0   0x000005c0   0x0000022e   Code   RO          141    .text.GPIO_Init     gpio_hal.o
    0x000007ee   0x000007ee   0x00000002   PAD
    0x000007f0   0x000007f0   0x0000000e   Code   RO          145    .text.GPIO_Read     gpio_hal.o
    0x000007fe   0x000007fe   0x00000002   PAD
    0x00000800   0x00000800   0x000000a8   Code   RO           46    .text.Music_Init    music.o
    0x000008a8   0x000008a8   0x0000003c   Code   RO          117    .text.PE0_Handler   betterswitch.o
    0x000008e4   0x000008e4   0x0000003c   Code   RO          119    .text.PE1_Handler   betterswitch.o
    0x00000920   0x00000920   0x0000003c   Code   RO          121    .text.PF4_Handler   betterswitch.o
    0x0000095c   0x0000095c   0x0000006a   Code   RO           92    .text.PLL_Init      pll.o
    0x000009c6   0x000009c6   0x00000002   PAD
    0x000009c8   0x000009c8   0x00000014   Code   RO           42    .text.Pitch2_Handler  music.o
    0x000009dc   0x000009dc   0x0000009c   Code   RO           48    .text.Play          music.o
    0x00000a78   0x00000a78   0x0000006c   Code   RO           52    .text.Rewind        music.o
    0x00000ae4   0x00000ae4   0x0000002c   Code   RO           50    .text.Stop          music.o
    0x00000b10   0x00000b10   0x00000014   Code   RO           44    .text.SysTick_Handler  music.o
    0x00000b24   0x00000b24   0x00000032   Code   RO          101    .text.SysTick_Init  systickints.o
    0x00000b56   0x00000b56   0x00000002   PAD
    0x00000b58   0x00000b58   0x0000000e   Code   RO          105    .text.SysTick_Start  systickints.o
    0x00000b66   0x00000b66   0x00000002   PAD
    0x00000b68   0x00000b68   0x0000000e   Code   RO          103    .text.SysTick_Stop  systickints.o
    0x00000b76   0x00000b76   0x00000002   PAD
    0x00000b78   0x00000b78   0x0000000e   Code   RO          107    .text.SysTick_setPeriod  systickints.o
    0x00000b86   0x00000b86   0x00000002   PAD
    0x00000b88   0x00000b88   0x00000016   Code   RO          168    .text.Timer0A_Handler  timer0a.o
    0x00000b9e   0x00000b9e   0x00000002   PAD
    0x00000ba0   0x00000ba0   0x0000007a   Code   RO          166    .text.Timer0A_Init  timer0a.o
    0x00000c1a   0x00000c1a   0x00000002   PAD
    0x00000c1c   0x00000c1c   0x00000018   Code   RO          204    .text.Timer1A_Handler  timer1a.o
    0x00000c34   0x00000c34   0x00000074   Code   RO          202    .text.Timer1A_Init  timer1a.o
    0x00000ca8   0x00000ca8   0x00000018   Code   RO          219    .text.Timer2A_Handler  timer2a.o
    0x00000cc0   0x00000cc0   0x00000074   Code   RO          217    .text.Timer2A_Init  timer2a.o
    0x00000d34   0x00000d34   0x00000136   Code   RO           19    .text.main          lab7.o
    0x00000e6a   0x00000e6a   0x00000002   PAD
    0x00000e6c   0x00000e6c   0x0000024a   Code   RO           40    .text.metronome     music.o
    0x000010b6   0x000010b6   0x00000002   PAD
    0x000010b8   0x000010b8   0x000000d4   Code   RO           13    .text.switch_task   lab7.o
    0x0000118c   0x0000118c   0x0000000e   Code   RO          252    i.__scatterload_copy  mc_w.l(handlers.o)
    0x0000119a   0x0000119a   0x00000002   Code   RO          253    i.__scatterload_null  mc_w.l(handlers.o)
    0x0000119c   0x0000119c   0x0000000e   Code   RO          254    i.__scatterload_zeroinit  mc_w.l(handlers.o)
    0x000011aa   0x000011aa   0x00000002   PAD
    0x000011ac   0x000011ac   0x000032d8   Data   RO           57    .rodata.Song_ch1    music.o
    0x00004484   0x00004484   0x00002470   Data   RO           58    .rodata.Song_ch2    music.o
    0x000068f4   0x000068f4   0x00000080   Data   RO           56    .rodata.Wave        music.o
    0x00006974   0x00006974   0x00000020   Data   RO          251    Region$$Table       anon$$obj.o


    Execution Region ER_RW (Exec base: 0x20000000, Load base: 0x00006994, Size: 0x00000114, Max: 0xffffffff, ABSOLUTE)

    Exec Addr    Load Addr    Size         Type   Attr      Idx    E Section Name        Object

    0x20000000   0x00006994   0x0000000c   Data   RW          131    .data.PE0Config     betterswitch.o
    0x2000000c   0x000069a0   0x0000000c   Data   RW          132    .data.PE1Config     betterswitch.o
    0x20000018   0x000069ac   0x0000000c   Data   RW          133    .data.PF4Config     betterswitch.o
    0x20000024   0x000069b8   0x000000f0   Data   RW          157    .data.ports         gpio_hal.o


    Execution Region ER_ZI (Exec base: 0x20000118, Load base: 0x00006aa8, Size: 0x00000460, Max: 0xffffffff, ABSOLUTE)

    Exec Addr    Load Addr    Size         Type   Attr      Idx    E Section Name        Object

    0x20000118        -       0x00000004   Zero   RW           65    .bss.I1             music.o
    0x2000011c        -       0x00000004   Zero   RW           66    .bss.I2             music.o
    0x20000120        -       0x00000004   Zero   RW           67    .bss.NoteDuration   music.o
    0x20000124        -       0x00000004   Zero   RW           68    .bss.NoteDuration2  music.o
    0x20000128        -       0x00000001   Zero   RW          125    .bss.PE0_flag       betterswitch.o
    0x20000129        -       0x00000001   Zero   RW           24    .bss.PE0_pressed    lab7.o
    0x2000012a        -       0x00000001   Zero   RW           21    .bss.PE0_read_pending  lab7.o
    0x2000012b   0x00006aa8   0x00000001   PAD
    0x2000012c        -       0x00000004   Zero   RW          128    .bss.PE0_start      betterswitch.o
    0x20000130        -       0x00000001   Zero   RW          126    .bss.PE1_flag       betterswitch.o
    0x20000131        -       0x00000001   Zero   RW           25    .bss.PE1_pressed    lab7.o
    0x20000132        -       0x00000001   Zero   RW           22    .bss.PE1_read_pending  lab7.o
    0x20000133   0x00006aa8   0x00000001   PAD
    0x20000134        -       0x00000004   Zero   RW          129    .bss.PE1_start      betterswitch.o
    0x20000138        -       0x00000001   Zero   RW          127    .bss.PF4_flag       betterswitch.o
    0x20000139        -       0x00000001   Zero   RW           26    .bss.PF4_pressed    lab7.o
    0x2000013a        -       0x00000001   Zero   RW           23    .bss.PF4_read_pending  lab7.o
    0x2000013b   0x00006aa8   0x00000001   PAD
    0x2000013c        -       0x00000004   Zero   RW          130    .bss.PF4_start      betterswitch.o
    0x20000140        -       0x00000004   Zero   RW          172    .bss.PeriodicTask0  timer0a.o
    0x20000144        -       0x00000004   Zero   RW          208    .bss.PeriodicTask1  timer1a.o
    0x20000148        -       0x00000004   Zero   RW          223    .bss.PeriodicTask2  timer2a.o
    0x2000014c        -       0x00000004   Zero   RW           63    .bss.SongIndex      music.o
    0x20000150        -       0x00000004   Zero   RW           64    .bss.SongIndex2     music.o
    0x20000154        -       0x00000004   Zero   RW           61    .bss.amp1           music.o
    0x20000158        -       0x00000004   Zero   RW           62    .bss.amp2           music.o
    0x2000015c        -       0x00000004   Zero   RW           30    .bss.b_count        lab7.o
    0x20000160        -       0x00000001   Zero   RW           27    .bss.play_flag      lab7.o
    0x20000161   0x00006aa8   0x00000003   PAD
    0x20000164        -       0x00000001   Zero   RW           69    .bss.tempo          music.o
    0x20000165   0x00006aa8   0x00000003   PAD
    0x20000168        -       0x00000004   Zero   RW           59    .bss.tick_count1    music.o
    0x2000016c        -       0x00000004   Zero   RW           60    .bss.tick_count2    music.o
    0x20000170        -       0x00000004   Zero   RW           29    .bss.ticks_ms       lab7.o
    0x20000174   0x00006aa8   0x00000004   PAD
    0x20000178        -       0x00000400   Zero   RW            1    STACK               startup.o


==============================================================================

Image component sizes


      Code (inc. data)   RO Data    RW Data    ZI Data      Debug   Object Name

       270          0          0         36         15       1955   betterswitch.o
       846         24          0        240          0       4308   gpio_hal.o
       662          0          0          0         15       1860   lab7.o
      1122          0      22472          0         41       2592   music.o
       106          0          0          0          0        640   pll.o
       672        622          0          0       1024       1036   startup.o
        92          0          0          0          0       1196   systickints.o
       144          0          0          0          4       1082   timer0a.o
       140          0          0          0          4       1080   timer1a.o
       140          0          0          0          4       1080   timer2a.o
       196          0          0          0          0        971   tlv5616.o

    ----------------------------------------------------------------------
      4424        646      22504        276       1120      17800   Object Totals
         0          0         32          0          0          0   (incl. Generated)
        34          0          0          0         13          0   (incl. Padding)

    ----------------------------------------------------------------------

      Code (inc. data)   RO Data    RW Data    ZI Data      Debug   Library Member Name

         0          0          0          0          0          0   entry.o
         0          0          0          0          0          0   entry10a.o
         0          0          0          0          0          0   entry11a.o
         8          4          0          0          0          0   entry2.o
         4          0          0          0          0          0   entry5.o
         0          0          0          0          0          0   entry7b.o
         0          0          0          0          0          0   entry8b.o
         8          4          0          0          0          0   entry9a.o
        30          0          0          0          0          0   handlers.o
        48         10          0          0          0         68   init.o

    ----------------------------------------------------------------------
       100         18          0          0          0         68   Library Totals
         2          0          0          0          0          0   (incl. Padding)

    ----------------------------------------------------------------------

      Code (inc. data)   RO Data    RW Data    ZI Data      Debug   Library Name

        98         18          0          0          0         68   mc_w.l

    ----------------------------------------------------------------------
       100         18          0          0          0         68   Library Totals

    ----------------------------------------------------------------------

==============================================================================


      Code (inc. data)   RO Data    RW Data    ZI Data      Debug   

      4524        664      22504        276       1120      17892   Grand Totals
      4524        664      22504        276       1120      17892   ELF Image Totals
      4524        664      22504        276          0          0   ROM Totals

==============================================================================

    Total RO  Size (Code + RO Data)                27028 (  26.39kB)
    Total RW  Size (RW Data + ZI Data)              1396 (   1.36kB)
    Total ROM Size (Code + RO Data + RW Data)      27304 (  26.66kB)

==============================================================================

